
> tcv-erp@0.0.0 start
> ng serve --port 4500

> Building...
√ Building...
Initial chunk files | Names                         |  Raw size
styles.css          | styles                        | 409.40 kB | 
scripts.js          | scripts                       | 107.73 kB | 
main.js             | main                          |  24.82 kB | 
chunk-EDXTDRDW.js   | -                             |   4.91 kB | 
chunk-63734GXC.js   | -                             |   2.05 kB | 
chunk-MOWWJJJ2.js   | -                             |   1.62 kB | 
chunk-VGKOSW2G.js   | -                             |   1.10 kB | 
polyfills.js        | polyfills                     |  95 bytes | 

                    | Initial total                 | 551.72 kB

Lazy chunk files    | Names                         |  Raw size
chunk-UWAHH5QT.js   | cable-tv-customer-history     | 260.07 kB | 
chunk-UFQUF5TU.js   | internet-customer-view        | 239.94 kB | 
chunk-ZKMXQEZW.js   | cable-tv-customer-form        | 130.29 kB | 
chunk-ABQV3PWJ.js   | cable-tv-account-pending      | 112.93 kB | 
chunk-JBIUMPBZ.js   | quotation-form                | 108.55 kB | 
chunk-AADY2JAB.js   | cable-tv-complaints           | 104.55 kB | 
chunk-3IPRCNNC.js   | cable-tv-customer-view        |  85.22 kB | 
chunk-OGFX6PUH.js   | layout                        |  80.51 kB | 
chunk-ZKYPARQA.js   | transaction-list              |  77.58 kB | 
chunk-35L4DI2X.js   | material-sales                |  74.81 kB | 
chunk-N6UISB2Q.js   | internet-customer-form        |  72.75 kB | 
chunk-UXXN3OUE.js   | work-order-material           |  71.48 kB | 
chunk-Z6NTJ5TK.js   | cable-tv-subscription-pending |  71.43 kB | 
chunk-HJL7W5CJ.js   | net-subscription-pending      |  65.67 kB | 
chunk-4LZJESSI.js   | cable-tv-stbs                 |  63.59 kB | 
...and 67 more lazy chunks files. Use "--verbose" to show all the files.

Application bundle generation complete. [18.222 seconds] - 2026-09-07T07:14:33.881Z

Watch mode enabled. Watching for file changes...
NOTE: Raw file sizes do not reflect development server per-request transformations.
  ➜  Local:   http://localhost:4500/
> Changes detected. Rebuilding...
√ Changes detected. Rebuilding...
Application bundle generation failed. [8.345 seconds] - 2026-09-07T07:19:08.175Z

> Changes detected. Rebuilding...
√ Changes detected. Rebuilding...
Initial chunk files | Names                         |  Raw size
styles.css          | styles                        | 409.40 kB | 
scripts.js          | scripts                       | 107.73 kB | 
main.js             | main                          |  24.82 kB | 
chunk-EDXTDRDW.js   | -                             |   4.91 kB | 
chunk-63734GXC.js   | -                             |   2.05 kB | 
chunk-MOWWJJJ2.js   | -                             |   1.62 kB | 
chunk-VGKOSW2G.js   | -                             |   1.10 kB | 
polyfills.js        | polyfills                     |  95 bytes | 

                    | Initial total                 | 551.72 kB

Lazy chunk files    | Names                         |  Raw size
chunk-T4TGE6NO.js   | cable-tv-customer-history     | 260.07 kB | 
chunk-UFQUF5TU.js   | internet-customer-view        | 239.94 kB | 
chunk-4CTF4OGZ.js   | cable-tv-customer-form        | 130.29 kB | 
chunk-G663B4MK.js   | cable-tv-account-pending      | 112.93 kB | 
chunk-JBIUMPBZ.js   | quotation-form                | 108.55 kB | 
chunk-GUNW6JOK.js   | cable-tv-complaints           | 104.55 kB | 
chunk-67J2N4LX.js   | cable-tv-customer-view        |  85.22 kB | 
chunk-OGFX6PUH.js   | layout                        |  80.51 kB | 
chunk-ZKYPARQA.js   | transaction-list              |  77.58 kB | 
chunk-5VE5LEEO.js   | material-sales                |  74.81 kB | 
chunk-N6UISB2Q.js   | internet-customer-form        |  72.75 kB | 
chunk-UXXN3OUE.js   | work-order-material           |  71.48 kB | 
chunk-NNUCPXGV.js   | cable-tv-subscription-pending |  71.43 kB | 
chunk-HJL7W5CJ.js   | net-subscription-pending      |  65.67 kB | 
chunk-PIGKEHW6.js   | cable-tv-stbs                 |  63.59 kB | 
...and 67 more lazy chunks files. Use "--verbose" to show all the files.

Application bundle generation complete. [0.578 seconds] - 2026-09-07T07:20:04.634Z

Page reload sent to client(s).
> Changes detected. Rebuilding...
√ Changes detected. Rebuilding...
Initial chunk files | Names                     | Raw size
main.js             | main                      | 24.82 kB | 

Lazy chunk files    | Names                     | Raw size
chunk-T4JLOYXH.js   | catv-customer-list-report | 34.84 kB | 

Application bundle generation complete. [1.016 seconds] - 2026-09-07T07:40:37.653Z

Page reload sent to client(s).
> Changes detected. Rebuilding...
√ Changes detected. Rebuilding...
Initial chunk files | Names                     | Raw size
main.js             | main                      | 24.82 kB | 

Lazy chunk files    | Names                     | Raw size
chunk-64ZNGKTM.js   | catv-customer-list-report | 35.75 kB | 

Application bundle generation complete. [0.661 seconds] - 2026-09-07T08:49:44.517Z

Page reload sent to client(s).
> Changes detected. Rebuilding...
√ Changes detected. Rebuilding...
Initial chunk files | Names                  |  Raw size
main.js             | main                   |  24.82 kB | 

Lazy chunk files    | Names                  |  Raw size
chunk-UC263MP3.js   | internet-customer-view | 246.26 kB | 

Application bundle generation complete. [2.643 seconds] - 2026-09-07T12:03:55.336Z

Page reload sent to client(s).
> Changes detected. Rebuilding...
√ Changes detected. Rebuilding...
Initial chunk files | Names                  |  Raw size
main.js             | main                   |  24.82 kB | 

Lazy chunk files    | Names                  |  Raw size
chunk-5ZNZQSGM.js   | internet-customer-view | 246.18 kB | 

Application bundle generation complete. [3.541 seconds] - 2026-09-07T12:05:37.892Z

Page reload sent to client(s).
> Changes detected. Rebuilding...
√ Changes detected. Rebuilding...
Initial chunk files | Names                  |  Raw size
main.js             | main                   |  24.82 kB | 

Lazy chunk files    | Names                  |  Raw size
chunk-Z7AHKKVM.js   | internet-customer-view | 243.77 kB | 

Application bundle generation complete. [3.412 seconds] - 2026-09-07T12:12:21.019Z

Page reload sent to client(s).
> Changes detected. Rebuilding...
√ Changes detected. Rebuilding...
Initial chunk files | Names                  |  Raw size
main.js             | main                   |  24.82 kB | 

Lazy chunk files    | Names                  |  Raw size
chunk-KW7RNVHL.js   | internet-customer-view | 245.65 kB | 

Application bundle generation complete. [3.725 seconds] - 2026-09-07T12:21:51.148Z

Component update sent to client(s).
> Changes detected. Rebuilding...
√ Changes detected. Rebuilding...
Initial chunk files | Names                  |  Raw size
main.js             | main                   |  24.82 kB | 

Lazy chunk files    | Names                  |  Raw size
chunk-HUPVHFW4.js   | internet-customer-view | 246.01 kB | 

Application bundle generation complete. [3.764 seconds] - 2026-09-08T06:47:17.781Z

Page reload sent to client(s).
> Changes detected. Rebuilding...
√ Changes detected. Rebuilding...
Initial chunk files | Names                  |  Raw size
main.js             | main                   |  24.82 kB | 

Lazy chunk files    | Names                  |  Raw size
chunk-ONURCEQY.js   | internet-customer-view | 247.31 kB | 

Application bundle generation complete. [4.182 seconds] - 2026-09-08T07:32:59.210Z

Page reload sent to client(s).
> Changes detected. Rebuilding...
√ Changes detected. Rebuilding...
Initial chunk files | Names                         | Raw size
main.js             | main                          | 24.82 kB | 

Lazy chunk files    | Names                         | Raw size
chunk-Q62QGLNT.js   | cable-tv-subscription-pending | 75.59 kB | 

Application bundle generation complete. [4.451 seconds] - 2026-09-08T08:56:58.554Z

Component update sent to client(s).
> Changes detected. Rebuilding...
√ Changes detected. Rebuilding...
Initial chunk files | Names                         | Raw size
main.js             | main                          | 24.82 kB | 

Lazy chunk files    | Names                         | Raw size
chunk-IW7K4W2W.js   | cable-tv-subscription-pending | 75.72 kB | 

Application bundle generation complete. [0.860 seconds] - 2026-09-08T09:32:07.924Z

Component update sent to client(s).
> Changes detected. Rebuilding...
√ Changes detected. Rebuilding...
Initial chunk files | Names                         | Raw size
main.js             | main                          | 24.82 kB | 

Lazy chunk files    | Names                         | Raw size
chunk-6B4KSTWP.js   | cable-tv-subscription-pending | 79.89 kB | 

Application bundle generation complete. [0.577 seconds] - 2026-09-08T09:37:22.686Z

Component update sent to client(s).
> Changes detected. Rebuilding...
√ Changes detected. Rebuilding...
Initial chunk files | Names                  |  Raw size
main.js             | main                   |  24.82 kB | 

Lazy chunk files    | Names                  |  Raw size
chunk-BOXZR4WF.js   | internet-customer-view | 260.42 kB | 

Application bundle generation complete. [5.555 seconds] - 2026-09-08T11:49:27.174Z

Page reload sent to client(s).
> Changes detected. Rebuilding...
√ Changes detected. Rebuilding...
Initial chunk files | Names                  |  Raw size
main.js             | main                   |  24.82 kB | 

Lazy chunk files    | Names                  |  Raw size
chunk-HUDRIZ7P.js   | internet-customer-view | 261.21 kB | 

Application bundle generation complete. [4.054 seconds] - 2026-09-08T11:51:21.396Z

Component update sent to client(s).
> Changes detected. Rebuilding...
√ Changes detected. Rebuilding...
Application bundle generation failed. [1.977 seconds] - 2026-09-08T12:00:57.864Z

> Changes detected. Rebuilding...
√ Changes detected. Rebuilding...
Initial chunk files | Names                         |  Raw size
styles.css          | styles                        | 409.40 kB | 
scripts.js          | scripts                       | 107.73 kB | 
main.js             | main                          |  24.82 kB | 
chunk-WQTIOGR5.js   | -                             |   4.91 kB | 
chunk-5BTAALNW.js   | -                             |   2.18 kB | 
chunk-3PKKS6WQ.js   | -                             |   2.05 kB | 
chunk-VGKOSW2G.js   | -                             |   1.10 kB | 
polyfills.js        | polyfills                     |  95 bytes | 

                    | Initial total                 | 552.28 kB

Lazy chunk files    | Names                         |  Raw size
chunk-4NDNYFBE.js   | internet-customer-view        | 263.39 kB | 
chunk-WSRTI5FV.js   | cable-tv-customer-history     | 260.07 kB | 
chunk-PMYKM5P6.js   | cable-tv-customer-form        | 130.29 kB | 
chunk-OU6W2LRZ.js   | cable-tv-account-pending      | 112.93 kB | 
chunk-VFSIB2QG.js   | quotation-form                | 108.55 kB | 
chunk-DQLLM6KC.js   | cable-tv-complaints           | 104.55 kB | 
chunk-RQHHA7JF.js   | cable-tv-customer-view        |  85.22 kB | 
chunk-WFF3F3SE.js   | layout                        |  80.51 kB | 
chunk-QQAOQG5H.js   | cable-tv-subscription-pending |  79.89 kB | 
chunk-YE3OCQDY.js   | transaction-list              |  77.58 kB | 
chunk-45YIUXIC.js   | material-sales                |  74.81 kB | 
chunk-MTA2OPOT.js   | internet-customer-form        |  72.75 kB | 
chunk-R4IMZKPN.js   | work-order-material           |  71.48 kB | 
chunk-VRPEPWU4.js   | net-subscription-pending      |  65.67 kB | 
chunk-76344375.js   | cable-tv-stbs                 |  63.59 kB | 
...and 67 more lazy chunks files. Use "--verbose" to show all the files.

Application bundle generation complete. [0.651 seconds] - 2026-09-08T12:02:51.736Z

Page reload sent to client(s).
