
> tcv-erp@0.0.0 start
> ng serve --port 4500

[33m>[39m Building...
[32m√[39m Building...
[1mInitial chunk files[22m[2m | [22m[1mNames[22m                    [2m | [22m [1mRaw size[22m
[32mstyles.css[39m         [2m | [22m[2mstyles[22m                   [2m | [22m[36m303.31 kB[39m[2m | [22m
[32mscripts.js[39m         [2m | [22m[2mscripts[22m                  [2m | [22m[36m107.73 kB[39m[2m | [22m
[32mmain.js[39m            [2m | [22m[2mmain[22m                     [2m | [22m [36m18.27 kB[39m[2m | [22m
[32mchunk-H5EMXSL6.js[39m  [2m | [22m[2m-[22m                        [2m | [22m  [36m3.80 kB[39m[2m | [22m
[32mchunk-4RWJN4ZL.js[39m  [2m | [22m[2m-[22m                        [2m | [22m  [36m2.62 kB[39m[2m | [22m
[32mchunk-VGKOSW2G.js[39m  [2m | [22m[2m-[22m                        [2m | [22m  [36m1.10 kB[39m[2m | [22m
[32mchunk-CZJLB7T5.js[39m  [2m | [22m[2m-[22m                        [2m | [22m  [36m1.08 kB[39m[2m | [22m
[32mpolyfills.js[39m       [2m | [22m[2mpolyfills[22m                [2m | [22m [36m95 bytes[39m[2m | [22m

[1m [22m                  [2m | [22m[1mInitial total[22m            [2m | [22m[1m438.00 kB[22m

[1mLazy chunk files[22m   [2m | [22m[1mNames[22m                    [2m | [22m [1mRaw size[22m
[32mchunk-5E7FCEOR.js[39m  [2m | [22m[2mcable-tv-customer-history[22m[2m | [22m[36m165.32 kB[39m[2m | [22m
[32mchunk-ILKB3267.js[39m  [2m | [22m[2mquotation-form[22m           [2m | [22m[36m105.86 kB[39m[2m | [22m
[32mchunk-I6BRTPKZ.js[39m  [2m | [22m[2mcable-tv-customer-form[22m   [2m | [22m[36m105.15 kB[39m[2m | [22m
[32mchunk-T7CYVEHT.js[39m  [2m | [22m[2mwork-order-material[22m      [2m | [22m [36m71.08 kB[39m[2m | [22m
[32mchunk-75A4IJV2.js[39m  [2m | [22m[2mlayout[22m                   [2m | [22m [36m67.91 kB[39m[2m | [22m
[32mchunk-MASDPFKH.js[39m  [2m | [22m[2mwork-order-form[22m          [2m | [22m [36m55.53 kB[39m[2m | [22m
[32mchunk-HWYQCMA4.js[39m  [2m | [22m[2memployee-form[22m            [2m | [22m [36m46.63 kB[39m[2m | [22m
[32mchunk-UPXZ7UJM.js[39m  [2m | [22m[2memployee-salary[22m          [2m | [22m [36m43.98 kB[39m[2m | [22m
[32mchunk-V53QRBAB.js[39m  [2m | [22m[2mpurchase-form[22m            [2m | [22m [36m40.83 kB[39m[2m | [22m
[32mchunk-JRFSJQFB.js[39m  [2m | [22m[2muser-list[22m                [2m | [22m [36m39.00 kB[39m[2m | [22m
[32mchunk-AEGTWJFS.js[39m  [2m | [22m[2mcable-tv-masters[22m         [2m | [22m [36m38.28 kB[39m[2m | [22m
[32mchunk-6BF7AZ6O.js[39m  [2m | [22m[2msales[22m                    [2m | [22m [36m37.75 kB[39m[2m | [22m
[32mchunk-CEBBYPL5.js[39m  [2m | [22m[2mcategories-list[22m          [2m | [22m [36m37.41 kB[39m[2m | [22m
[32mchunk-WPZIDCR2.js[39m  [2m | [22m[2mproduct-list[22m             [2m | [22m [36m36.34 kB[39m[2m | [22m
[32mchunk-OY3DRA3U.js[39m  [2m | [22m[2mcable-tv-customer-list[22m   [2m | [22m [36m32.80 kB[39m[2m | [22m
[2m...and 47 more lazy chunks files. Use "--verbose" to show all the files.[22m

Application bundle generation complete. [12.656 seconds] - 2026-07-13T07:26:30.962Z

Watch mode enabled. Watching for file changes...
NOTE: Raw file sizes do not reflect development server per-request transformations.
  [32m➜[39m  [1mLocal[22m:   [36mhttp://localhost:[1m4500[22m/[39m
[33m>[39m Changes detected. Rebuilding...
[32m√[39m Changes detected. Rebuilding...
[1mInitial chunk files[22m[2m | [22m[1mNames[22m                    [2m | [22m [1mRaw size[22m
[32mmain.js[39m            [2m | [22m[2mmain[22m                     [2m | [22m [36m18.27 kB[39m[2m | [22m

[1mLazy chunk files[22m   [2m | [22m[1mNames[22m                    [2m | [22m [1mRaw size[22m
[32mchunk-3HCA6S6H.js[39m  [2m | [22m[2mcable-tv-customer-history[22m[2m | [22m[36m164.13 kB[39m[2m | [22m

Application bundle generation complete. [3.933 seconds] - 2026-07-13T08:22:16.045Z

Component update sent to client(s).
[33m>[39m Changes detected. Rebuilding...
[32m√[39m Changes detected. Rebuilding...
[1mInitial chunk files[22m[2m | [22m[1mNames[22m                    [2m | [22m [1mRaw size[22m
[32mmain.js[39m            [2m | [22m[2mmain[22m                     [2m | [22m [36m18.27 kB[39m[2m | [22m

[1mLazy chunk files[22m   [2m | [22m[1mNames[22m                    [2m | [22m [1mRaw size[22m
[32mchunk-XFPYCQTX.js[39m  [2m | [22m[2mcable-tv-customer-history[22m[2m | [22m[36m164.18 kB[39m[2m | [22m

Application bundle generation complete. [1.810 seconds] - 2026-07-13T08:22:20.252Z

Component update sent to client(s).
[33m>[39m Changes detected. Rebuilding...
[32m√[39m Changes detected. Rebuilding...
[1mInitial chunk files[22m[2m | [22m[1mNames[22m                    [2m | [22m [1mRaw size[22m
[32mmain.js[39m            [2m | [22m[2mmain[22m                     [2m | [22m [36m18.27 kB[39m[2m | [22m

[1mLazy chunk files[22m   [2m | [22m[1mNames[22m                    [2m | [22m [1mRaw size[22m
[32mchunk-ZJ4ZRRCM.js[39m  [2m | [22m[2mcable-tv-customer-history[22m[2m | [22m[36m164.20 kB[39m[2m | [22m

Application bundle generation complete. [2.761 seconds] - 2026-07-13T08:38:08.708Z

Component update sent to client(s).
[33m>[39m Changes detected. Rebuilding...
[32m√[39m Changes detected. Rebuilding...
[1mInitial chunk files[22m[2m | [22m[1mNames[22m                    [2m | [22m [1mRaw size[22m
[32mmain.js[39m            [2m | [22m[2mmain[22m                     [2m | [22m [36m18.27 kB[39m[2m | [22m

[1mLazy chunk files[22m   [2m | [22m[1mNames[22m                    [2m | [22m [1mRaw size[22m
[32mchunk-QJAHQ553.js[39m  [2m | [22m[2mcable-tv-customer-history[22m[2m | [22m[36m164.90 kB[39m[2m | [22m

Application bundle generation complete. [2.744 seconds] - 2026-07-13T08:38:17.221Z

Component update sent to client(s).
[33m>[39m Changes detected. Rebuilding...
[32m√[39m Changes detected. Rebuilding...
[1mInitial chunk files[22m[2m | [22m[1mNames[22m                    [2m | [22m [1mRaw size[22m
[32mmain.js[39m            [2m | [22m[2mmain[22m                     [2m | [22m [36m18.27 kB[39m[2m | [22m

[1mLazy chunk files[22m   [2m | [22m[1mNames[22m                    [2m | [22m [1mRaw size[22m
[32mchunk-GFVNYQ5Q.js[39m  [2m | [22m[2mcable-tv-customer-history[22m[2m | [22m[36m165.49 kB[39m[2m | [22m

Application bundle generation complete. [2.459 seconds] - 2026-07-13T08:38:28.283Z

Page reload sent to client(s).
[33m>[39m Changes detected. Rebuilding...
[32m√[39m Changes detected. Rebuilding...
[1mInitial chunk files[22m[2m | [22m[1mNames[22m                    [2m | [22m [1mRaw size[22m
[32mmain.js[39m            [2m | [22m[2mmain[22m                     [2m | [22m [36m18.27 kB[39m[2m | [22m

[1mLazy chunk files[22m   [2m | [22m[1mNames[22m                    [2m | [22m [1mRaw size[22m
[32mchunk-QDO5WHUC.js[39m  [2m | [22m[2mcable-tv-customer-history[22m[2m | [22m[36m165.34 kB[39m[2m | [22m

Application bundle generation complete. [2.540 seconds] - 2026-07-13T08:45:26.529Z

Page reload sent to client(s).
[33m>[39m Changes detected. Rebuilding...
[32m√[39m Changes detected. Rebuilding...
[1mInitial chunk files[22m[2m | [22m[1mNames[22m                    [2m | [22m [1mRaw size[22m
[32mmain.js[39m            [2m | [22m[2mmain[22m                     [2m | [22m [36m18.27 kB[39m[2m | [22m

[1mLazy chunk files[22m   [2m | [22m[1mNames[22m                    [2m | [22m [1mRaw size[22m
[32mchunk-NXJGBR7D.js[39m  [2m | [22m[2mcable-tv-customer-history[22m[2m | [22m[36m163.12 kB[39m[2m | [22m

Application bundle generation complete. [2.432 seconds] - 2026-07-13T08:45:45.052Z

Component update sent to client(s).
[33m>[39m Changes detected. Rebuilding...
[32m√[39m Changes detected. Rebuilding...
[1mInitial chunk files[22m[2m | [22m[1mNames[22m                    [2m | [22m [1mRaw size[22m
[32mmain.js[39m            [2m | [22m[2mmain[22m                     [2m | [22m [36m18.27 kB[39m[2m | [22m

[1mLazy chunk files[22m   [2m | [22m[1mNames[22m                    [2m | [22m [1mRaw size[22m
[32mchunk-D4NVB77T.js[39m  [2m | [22m[2mcable-tv-customer-history[22m[2m | [22m[36m163.38 kB[39m[2m | [22m

Application bundle generation complete. [1.505 seconds] - 2026-07-13T08:45:55.258Z

Component update sent to client(s).
[33m>[39m Changes detected. Rebuilding...
[32m√[39m Changes detected. Rebuilding...
[1mInitial chunk files[22m[2m | [22m[1mNames[22m                    [2m | [22m [1mRaw size[22m
[32mmain.js[39m            [2m | [22m[2mmain[22m                     [2m | [22m [36m18.27 kB[39m[2m | [22m

[1mLazy chunk files[22m   [2m | [22m[1mNames[22m                    [2m | [22m [1mRaw size[22m
[32mchunk-MVXDZSQN.js[39m  [2m | [22m[2mcable-tv-customer-history[22m[2m | [22m[36m163.83 kB[39m[2m | [22m

Application bundle generation complete. [2.422 seconds] - 2026-07-13T08:48:20.131Z

Page reload sent to client(s).
[33m>[39m Changes detected. Rebuilding...
[32m√[39m Changes detected. Rebuilding...
[1mInitial chunk files[22m[2m | [22m[1mNames[22m                    [2m | [22m [1mRaw size[22m
[32mmain.js[39m            [2m | [22m[2mmain[22m                     [2m | [22m [36m18.27 kB[39m[2m | [22m

[1mLazy chunk files[22m   [2m | [22m[1mNames[22m                    [2m | [22m [1mRaw size[22m
[32mchunk-6LJJIUK6.js[39m  [2m | [22m[2mcable-tv-customer-history[22m[2m | [22m[36m166.27 kB[39m[2m | [22m

Application bundle generation complete. [2.323 seconds] - 2026-07-13T08:48:30.033Z

Component update sent to client(s).
[33m>[39m Changes detected. Rebuilding...
[32m√[39m Changes detected. Rebuilding...
[1mInitial chunk files[22m[2m | [22m[1mNames[22m                    [2m | [22m [1mRaw size[22m
[32mmain.js[39m            [2m | [22m[2mmain[22m                     [2m | [22m [36m18.27 kB[39m[2m | [22m

[1mLazy chunk files[22m   [2m | [22m[1mNames[22m                    [2m | [22m [1mRaw size[22m
[32mchunk-FRQPOPJ6.js[39m  [2m | [22m[2mcable-tv-customer-history[22m[2m | [22m[36m166.40 kB[39m[2m | [22m

Application bundle generation complete. [2.616 seconds] - 2026-07-13T08:51:58.370Z

Component update sent to client(s).
[33m>[39m Changes detected. Rebuilding...
[32m√[39m Changes detected. Rebuilding...
[1mInitial chunk files[22m[2m | [22m[1mNames[22m                    [2m | [22m [1mRaw size[22m
[32mmain.js[39m            [2m | [22m[2mmain[22m                     [2m | [22m [36m18.27 kB[39m[2m | [22m

[1mLazy chunk files[22m   [2m | [22m[1mNames[22m                    [2m | [22m [1mRaw size[22m
[32mchunk-KNDDGTLA.js[39m  [2m | [22m[2mcable-tv-customer-history[22m[2m | [22m[36m166.41 kB[39m[2m | [22m

Application bundle generation complete. [2.945 seconds] - 2026-07-13T08:57:00.990Z

Page reload sent to client(s).
[33m>[39m Changes detected. Rebuilding...
[32m√[39m Changes detected. Rebuilding...
[1mInitial chunk files[22m[2m | [22m[1mNames[22m                    [2m | [22m [1mRaw size[22m
[32mmain.js[39m            [2m | [22m[2mmain[22m                     [2m | [22m [36m18.27 kB[39m[2m | [22m

[1mLazy chunk files[22m   [2m | [22m[1mNames[22m                    [2m | [22m [1mRaw size[22m
[32mchunk-SEYRZ3NZ.js[39m  [2m | [22m[2mcable-tv-customer-history[22m[2m | [22m[36m164.41 kB[39m[2m | [22m

Application bundle generation complete. [2.429 seconds] - 2026-07-13T08:57:08.505Z

Component update sent to client(s).
[33m>[39m Changes detected. Rebuilding...
[32m√[39m Changes detected. Rebuilding...
[1mInitial chunk files[22m[2m | [22m[1mNames[22m                    [2m | [22m [1mRaw size[22m
[32mmain.js[39m            [2m | [22m[2mmain[22m                     [2m | [22m [36m18.27 kB[39m[2m | [22m

[1mLazy chunk files[22m   [2m | [22m[1mNames[22m                    [2m | [22m [1mRaw size[22m
[32mchunk-OKM6FXBK.js[39m  [2m | [22m[2mcable-tv-customer-history[22m[2m | [22m[36m164.50 kB[39m[2m | [22m

Application bundle generation complete. [1.561 seconds] - 2026-07-13T09:03:22.079Z

Page reload sent to client(s).
[33m>[39m Changes detected. Rebuilding...
[32m√[39m Changes detected. Rebuilding...
[1mInitial chunk files[22m[2m | [22m[1mNames[22m                    [2m | [22m [1mRaw size[22m
[32mmain.js[39m            [2m | [22m[2mmain[22m                     [2m | [22m [36m18.27 kB[39m[2m | [22m

[1mLazy chunk files[22m   [2m | [22m[1mNames[22m                    [2m | [22m [1mRaw size[22m
[32mchunk-PAGQCQH2.js[39m  [2m | [22m[2mcable-tv-customer-history[22m[2m | [22m[36m164.62 kB[39m[2m | [22m

Application bundle generation complete. [1.378 seconds] - 2026-07-13T09:08:37.873Z

Page reload sent to client(s).
[33m>[39m Changes detected. Rebuilding...
[32m√[39m Changes detected. Rebuilding...
[1mInitial chunk files[22m[2m | [22m[1mNames[22m                    [2m | [22m [1mRaw size[22m
[32mmain.js[39m            [2m | [22m[2mmain[22m                     [2m | [22m [36m18.27 kB[39m[2m | [22m

[1mLazy chunk files[22m   [2m | [22m[1mNames[22m                    [2m | [22m [1mRaw size[22m
[32mchunk-YUKV4SST.js[39m  [2m | [22m[2mcable-tv-customer-history[22m[2m | [22m[36m164.64 kB[39m[2m | [22m

Application bundle generation complete. [1.272 seconds] - 2026-07-13T09:08:44.531Z

Page reload sent to client(s).
[33m>[39m Changes detected. Rebuilding...
[32m√[39m Changes detected. Rebuilding...
[1mInitial chunk files[22m[2m | [22m[1mNames[22m                    [2m | [22m [1mRaw size[22m
[32mmain.js[39m            [2m | [22m[2mmain[22m                     [2m | [22m [36m18.27 kB[39m[2m | [22m

[1mLazy chunk files[22m   [2m | [22m[1mNames[22m                    [2m | [22m [1mRaw size[22m
[32mchunk-NNR64KZX.js[39m  [2m | [22m[2mcable-tv-customer-history[22m[2m | [22m[36m164.88 kB[39m[2m | [22m

Application bundle generation complete. [2.347 seconds] - 2026-07-13T09:09:00.357Z

Component update sent to client(s).
[33m>[39m Changes detected. Rebuilding...
[32m√[39m Changes detected. Rebuilding...
[1mInitial chunk files[22m[2m | [22m[1mNames[22m                    [2m | [22m [1mRaw size[22m
[32mmain.js[39m            [2m | [22m[2mmain[22m                     [2m | [22m [36m18.27 kB[39m[2m | [22m

[1mLazy chunk files[22m   [2m | [22m[1mNames[22m                    [2m | [22m [1mRaw size[22m
[32mchunk-KLXBZF5W.js[39m  [2m | [22m[2mcable-tv-customer-history[22m[2m | [22m[36m165.00 kB[39m[2m | [22m

Application bundle generation complete. [1.509 seconds] - 2026-07-13T09:19:08.186Z

Page reload sent to client(s).
[33m>[39m Changes detected. Rebuilding...
[32m√[39m Changes detected. Rebuilding...
Application bundle generation failed. [1.262 seconds] - 2026-07-13T09:19:19.385Z

[33m>[39m Changes detected. Rebuilding...
[32m√[39m Changes detected. Rebuilding...
Application bundle generation failed. [1.287 seconds] - 2026-07-13T09:19:26.590Z

[33m>[39m Changes detected. Rebuilding...
[32m√[39m Changes detected. Rebuilding...
[1mInitial chunk files[22m[2m | [22m[1mNames[22m                    [2m | [22m [1mRaw size[22m
[32mstyles.css[39m         [2m | [22m[2mstyles[22m                   [2m | [22m[36m303.31 kB[39m[2m | [22m
[32mscripts.js[39m         [2m | [22m[2mscripts[22m                  [2m | [22m[36m107.73 kB[39m[2m | [22m
[32mmain.js[39m            [2m | [22m[2mmain[22m                     [2m | [22m [36m18.27 kB[39m[2m | [22m
[32mchunk-H5EMXSL6.js[39m  [2m | [22m[2m-[22m                        [2m | [22m  [36m3.80 kB[39m[2m | [22m
[32mchunk-4RWJN4ZL.js[39m  [2m | [22m[2m-[22m                        [2m | [22m  [36m2.62 kB[39m[2m | [22m
[32mchunk-VGKOSW2G.js[39m  [2m | [22m[2m-[22m                        [2m | [22m  [36m1.10 kB[39m[2m | [22m
[32mchunk-CZJLB7T5.js[39m  [2m | [22m[2m-[22m                        [2m | [22m  [36m1.08 kB[39m[2m | [22m
[32mpolyfills.js[39m       [2m | [22m[2mpolyfills[22m                [2m | [22m [36m95 bytes[39m[2m | [22m

[1m [22m                  [2m | [22m[1mInitial total[22m            [2m | [22m[1m438.00 kB[22m

[1mLazy chunk files[22m   [2m | [22m[1mNames[22m                    [2m | [22m [1mRaw size[22m
[32mchunk-J7ZK2KRL.js[39m  [2m | [22m[2mcable-tv-customer-history[22m[2m | [22m[36m165.80 kB[39m[2m | [22m
[32mchunk-ILKB3267.js[39m  [2m | [22m[2mquotation-form[22m           [2m | [22m[36m105.86 kB[39m[2m | [22m
[32mchunk-I6BRTPKZ.js[39m  [2m | [22m[2mcable-tv-customer-form[22m   [2m | [22m[36m105.15 kB[39m[2m | [22m
[32mchunk-T7CYVEHT.js[39m  [2m | [22m[2mwork-order-material[22m      [2m | [22m [36m71.08 kB[39m[2m | [22m
[32mchunk-75A4IJV2.js[39m  [2m | [22m[2mlayout[22m                   [2m | [22m [36m67.91 kB[39m[2m | [22m
[32mchunk-MASDPFKH.js[39m  [2m | [22m[2mwork-order-form[22m          [2m | [22m [36m55.53 kB[39m[2m | [22m
[32mchunk-HWYQCMA4.js[39m  [2m | [22m[2memployee-form[22m            [2m | [22m [36m46.63 kB[39m[2m | [22m
[32mchunk-UPXZ7UJM.js[39m  [2m | [22m[2memployee-salary[22m          [2m | [22m [36m43.98 kB[39m[2m | [22m
[32mchunk-V53QRBAB.js[39m  [2m | [22m[2mpurchase-form[22m            [2m | [22m [36m40.83 kB[39m[2m | [22m
[32mchunk-JRFSJQFB.js[39m  [2m | [22m[2muser-list[22m                [2m | [22m [36m39.00 kB[39m[2m | [22m
[32mchunk-AEGTWJFS.js[39m  [2m | [22m[2mcable-tv-masters[22m         [2m | [22m [36m38.28 kB[39m[2m | [22m
[32mchunk-6BF7AZ6O.js[39m  [2m | [22m[2msales[22m                    [2m | [22m [36m37.75 kB[39m[2m | [22m
[32mchunk-CEBBYPL5.js[39m  [2m | [22m[2mcategories-list[22m          [2m | [22m [36m37.41 kB[39m[2m | [22m
[32mchunk-WPZIDCR2.js[39m  [2m | [22m[2mproduct-list[22m             [2m | [22m [36m36.34 kB[39m[2m | [22m
[32mchunk-OY3DRA3U.js[39m  [2m | [22m[2mcable-tv-customer-list[22m   [2m | [22m [36m32.80 kB[39m[2m | [22m
[2m...and 47 more lazy chunks files. Use "--verbose" to show all the files.[22m

Application bundle generation complete. [1.296 seconds] - 2026-07-13T09:19:42.394Z

Page reload sent to client(s).
[33m>[39m Changes detected. Rebuilding...
[32m√[39m Changes detected. Rebuilding...
[1mInitial chunk files[22m[2m | [22m[1mNames[22m                    [2m | [22m [1mRaw size[22m
[32mmain.js[39m            [2m | [22m[2mmain[22m                     [2m | [22m [36m18.27 kB[39m[2m | [22m

[1mLazy chunk files[22m   [2m | [22m[1mNames[22m                    [2m | [22m [1mRaw size[22m
[32mchunk-TH6Q7SIF.js[39m  [2m | [22m[2mcable-tv-customer-history[22m[2m | [22m[36m169.29 kB[39m[2m | [22m

Application bundle generation complete. [1.492 seconds] - 2026-07-13T09:19:53.803Z

Component update sent to client(s).
[33m>[39m Changes detected. Rebuilding...
[32m√[39m Changes detected. Rebuilding...
[1mInitial chunk files[22m[2m | [22m[1mNames[22m                    [2m | [22m [1mRaw size[22m
[32mmain.js[39m            [2m | [22m[2mmain[22m                     [2m | [22m [36m18.27 kB[39m[2m | [22m

[1mLazy chunk files[22m   [2m | [22m[1mNames[22m                    [2m | [22m [1mRaw size[22m
[32mchunk-KTM3FCVG.js[39m  [2m | [22m[2mcable-tv-customer-history[22m[2m | [22m[36m169.20 kB[39m[2m | [22m

Application bundle generation complete. [1.628 seconds] - 2026-07-13T09:28:07.708Z

Page reload sent to client(s).
[33m>[39m Changes detected. Rebuilding...
[32m√[39m Changes detected. Rebuilding...
[1mInitial chunk files[22m[2m | [22m[1mNames[22m                    [2m | [22m [1mRaw size[22m
[32mmain.js[39m            [2m | [22m[2mmain[22m                     [2m | [22m [36m18.27 kB[39m[2m | [22m

[1mLazy chunk files[22m   [2m | [22m[1mNames[22m                    [2m | [22m [1mRaw size[22m
[32mchunk-BBNPQ7LV.js[39m  [2m | [22m[2mcable-tv-customer-history[22m[2m | [22m[36m169.00 kB[39m[2m | [22m

Application bundle generation complete. [1.553 seconds] - 2026-07-13T09:28:14.797Z

Component update sent to client(s).
[33m>[39m Changes detected. Rebuilding...
[32m√[39m Changes detected. Rebuilding...
[1mInitial chunk files[22m[2m | [22m[1mNames[22m                    [2m | [22m [1mRaw size[22m
[32mmain.js[39m            [2m | [22m[2mmain[22m                     [2m | [22m [36m18.27 kB[39m[2m | [22m

[1mLazy chunk files[22m   [2m | [22m[1mNames[22m                    [2m | [22m [1mRaw size[22m
[32mchunk-3KHPRH2H.js[39m  [2m | [22m[2mcable-tv-customer-history[22m[2m | [22m[36m169.35 kB[39m[2m | [22m

Application bundle generation complete. [1.658 seconds] - 2026-07-13T09:41:03.682Z

Page reload sent to client(s).
[33m>[39m Changes detected. Rebuilding...
[32m√[39m Changes detected. Rebuilding...
[1mInitial chunk files[22m[2m | [22m[1mNames[22m                    [2m | [22m [1mRaw size[22m
[32mmain.js[39m            [2m | [22m[2mmain[22m                     [2m | [22m [36m18.27 kB[39m[2m | [22m

[1mLazy chunk files[22m   [2m | [22m[1mNames[22m                    [2m | [22m [1mRaw size[22m
[32mchunk-NPM44MGN.js[39m  [2m | [22m[2mcable-tv-customer-history[22m[2m | [22m[36m169.12 kB[39m[2m | [22m

Application bundle generation complete. [1.558 seconds] - 2026-07-13T09:41:13.129Z

Component update sent to client(s).
[33m>[39m Changes detected. Rebuilding...
[32m√[39m Changes detected. Rebuilding...
Application bundle generation failed. [2.397 seconds] - 2026-07-13T09:50:52.665Z

[33m>[39m Changes detected. Rebuilding...
[32m√[39m Changes detected. Rebuilding...
[1mInitial chunk files[22m[2m | [22m[1mNames[22m                    [2m | [22m [1mRaw size[22m
[32mstyles.css[39m         [2m | [22m[2mstyles[22m                   [2m | [22m[36m303.31 kB[39m[2m | [22m
[32mscripts.js[39m         [2m | [22m[2mscripts[22m                  [2m | [22m[36m107.73 kB[39m[2m | [22m
[32mmain.js[39m            [2m | [22m[2mmain[22m                     [2m | [22m [36m18.27 kB[39m[2m | [22m
[32mchunk-H5EMXSL6.js[39m  [2m | [22m[2m-[22m                        [2m | [22m  [36m3.80 kB[39m[2m | [22m
[32mchunk-4RWJN4ZL.js[39m  [2m | [22m[2m-[22m                        [2m | [22m  [36m2.62 kB[39m[2m | [22m
[32mchunk-VGKOSW2G.js[39m  [2m | [22m[2m-[22m                        [2m | [22m  [36m1.10 kB[39m[2m | [22m
[32mchunk-CZJLB7T5.js[39m  [2m | [22m[2m-[22m                        [2m | [22m  [36m1.08 kB[39m[2m | [22m
[32mpolyfills.js[39m       [2m | [22m[2mpolyfills[22m                [2m | [22m [36m95 bytes[39m[2m | [22m

[1m [22m                  [2m | [22m[1mInitial total[22m            [2m | [22m[1m438.00 kB[22m

[1mLazy chunk files[22m   [2m | [22m[1mNames[22m                    [2m | [22m [1mRaw size[22m
[32mchunk-4T2LOTLL.js[39m  [2m | [22m[2mcable-tv-customer-history[22m[2m | [22m[36m169.69 kB[39m[2m | [22m
[32mchunk-ILKB3267.js[39m  [2m | [22m[2mquotation-form[22m           [2m | [22m[36m105.86 kB[39m[2m | [22m
[32mchunk-I6BRTPKZ.js[39m  [2m | [22m[2mcable-tv-customer-form[22m   [2m | [22m[36m105.15 kB[39m[2m | [22m
[32mchunk-T7CYVEHT.js[39m  [2m | [22m[2mwork-order-material[22m      [2m | [22m [36m71.08 kB[39m[2m | [22m
[32mchunk-75A4IJV2.js[39m  [2m | [22m[2mlayout[22m                   [2m | [22m [36m67.91 kB[39m[2m | [22m
[32mchunk-MASDPFKH.js[39m  [2m | [22m[2mwork-order-form[22m          [2m | [22m [36m55.53 kB[39m[2m | [22m
[32mchunk-HWYQCMA4.js[39m  [2m | [22m[2memployee-form[22m            [2m | [22m [36m46.63 kB[39m[2m | [22m
[32mchunk-UPXZ7UJM.js[39m  [2m | [22m[2memployee-salary[22m          [2m | [22m [36m43.98 kB[39m[2m | [22m
[32mchunk-V53QRBAB.js[39m  [2m | [22m[2mpurchase-form[22m            [2m | [22m [36m40.83 kB[39m[2m | [22m
[32mchunk-JRFSJQFB.js[39m  [2m | [22m[2muser-list[22m                [2m | [22m [36m39.00 kB[39m[2m | [22m
[32mchunk-AEGTWJFS.js[39m  [2m | [22m[2mcable-tv-masters[22m         [2m | [22m [36m38.28 kB[39m[2m | [22m
[32mchunk-6BF7AZ6O.js[39m  [2m | [22m[2msales[22m                    [2m | [22m [36m37.75 kB[39m[2m | [22m
[32mchunk-CEBBYPL5.js[39m  [2m | [22m[2mcategories-list[22m          [2m | [22m [36m37.41 kB[39m[2m | [22m
[32mchunk-WPZIDCR2.js[39m  [2m | [22m[2mproduct-list[22m             [2m | [22m [36m36.34 kB[39m[2m | [22m
[32mchunk-OY3DRA3U.js[39m  [2m | [22m[2mcable-tv-customer-list[22m   [2m | [22m [36m32.80 kB[39m[2m | [22m
[2m...and 47 more lazy chunks files. Use "--verbose" to show all the files.[22m

Application bundle generation complete. [2.158 seconds] - 2026-07-13T09:51:03.359Z

Page reload sent to client(s).
[33m>[39m Changes detected. Rebuilding...
[32m√[39m Changes detected. Rebuilding...
[1mInitial chunk files[22m[2m | [22m[1mNames[22m                    [2m | [22m [1mRaw size[22m
[32mmain.js[39m            [2m | [22m[2mmain[22m                     [2m | [22m [36m18.27 kB[39m[2m | [22m

[1mLazy chunk files[22m   [2m | [22m[1mNames[22m                    [2m | [22m [1mRaw size[22m
[32mchunk-K2QXOLV6.js[39m  [2m | [22m[2mcable-tv-customer-history[22m[2m | [22m[36m170.11 kB[39m[2m | [22m

Application bundle generation complete. [2.262 seconds] - 2026-07-13T09:51:18.237Z

Component update sent to client(s).
[33m>[39m Changes detected. Rebuilding...
[32m√[39m Changes detected. Rebuilding...
[1mInitial chunk files[22m[2m | [22m[1mNames[22m                    [2m | [22m [1mRaw size[22m
[32mmain.js[39m            [2m | [22m[2mmain[22m                     [2m | [22m [36m18.27 kB[39m[2m | [22m

[1mLazy chunk files[22m   [2m | [22m[1mNames[22m                    [2m | [22m [1mRaw size[22m
[32mchunk-2ULV4MIV.js[39m  [2m | [22m[2mcable-tv-customer-history[22m[2m | [22m[36m170.54 kB[39m[2m | [22m

Application bundle generation complete. [1.609 seconds] - 2026-07-13T09:58:31.084Z

Page reload sent to client(s).
[33m>[39m Changes detected. Rebuilding...
[32m√[39m Changes detected. Rebuilding...
[1mInitial chunk files[22m[2m | [22m[1mNames[22m                    [2m | [22m [1mRaw size[22m
[32mmain.js[39m            [2m | [22m[2mmain[22m                     [2m | [22m [36m18.27 kB[39m[2m | [22m

[1mLazy chunk files[22m   [2m | [22m[1mNames[22m                    [2m | [22m [1mRaw size[22m
[32mchunk-GI3ZSF4J.js[39m  [2m | [22m[2mcable-tv-customer-history[22m[2m | [22m[36m170.54 kB[39m[2m | [22m

Application bundle generation complete. [1.352 seconds] - 2026-07-13T09:58:37.623Z

Page reload sent to client(s).
[33m>[39m Changes detected. Rebuilding...
[32m√[39m Changes detected. Rebuilding...
[1mInitial chunk files[22m[2m | [22m[1mNames[22m                    [2m | [22m [1mRaw size[22m
[32mmain.js[39m            [2m | [22m[2mmain[22m                     [2m | [22m [36m18.27 kB[39m[2m | [22m

[1mLazy chunk files[22m   [2m | [22m[1mNames[22m                    [2m | [22m [1mRaw size[22m
[32mchunk-K26MECOG.js[39m  [2m | [22m[2mcable-tv-customer-history[22m[2m | [22m[36m171.61 kB[39m[2m | [22m

Application bundle generation complete. [1.471 seconds] - 2026-07-13T10:01:30.788Z

Page reload sent to client(s).
[33m>[39m Changes detected. Rebuilding...
[32m√[39m Changes detected. Rebuilding...
[1mInitial chunk files[22m[2m | [22m[1mNames[22m                    [2m | [22m [1mRaw size[22m
[32mmain.js[39m            [2m | [22m[2mmain[22m                     [2m | [22m [36m18.27 kB[39m[2m | [22m

[1mLazy chunk files[22m   [2m | [22m[1mNames[22m                    [2m | [22m [1mRaw size[22m
[32mchunk-CQTZB6SD.js[39m  [2m | [22m[2mcable-tv-customer-history[22m[2m | [22m[36m171.60 kB[39m[2m | [22m

Application bundle generation complete. [1.485 seconds] - 2026-07-13T10:01:36.999Z

Component update sent to client(s).
[33m>[39m Changes detected. Rebuilding...
[32m√[39m Changes detected. Rebuilding...
[1mInitial chunk files[22m[2m | [22m[1mNames[22m                    [2m | [22m [1mRaw size[22m
[32mmain.js[39m            [2m | [22m[2mmain[22m                     [2m | [22m [36m18.27 kB[39m[2m | [22m

[1mLazy chunk files[22m   [2m | [22m[1mNames[22m                    [2m | [22m [1mRaw size[22m
[32mchunk-EI4NR7RX.js[39m  [2m | [22m[2mcable-tv-customer-history[22m[2m | [22m[36m171.79 kB[39m[2m | [22m

Application bundle generation complete. [1.658 seconds] - 2026-07-13T10:01:48.435Z

Page reload sent to client(s).
[33m>[39m Changes detected. Rebuilding...
[32m√[39m Changes detected. Rebuilding...
[1mInitial chunk files[22m[2m | [22m[1mNames[22m                    [2m | [22m [1mRaw size[22m
[32mmain.js[39m            [2m | [22m[2mmain[22m                     [2m | [22m [36m18.27 kB[39m[2m | [22m

[1mLazy chunk files[22m   [2m | [22m[1mNames[22m                    [2m | [22m [1mRaw size[22m
[32mchunk-PGAR6VB6.js[39m  [2m | [22m[2mcable-tv-customer-history[22m[2m | [22m[36m171.85 kB[39m[2m | [22m

Application bundle generation complete. [1.557 seconds] - 2026-07-13T10:14:26.348Z

Page reload sent to client(s).
[33m>[39m Changes detected. Rebuilding...
[32m√[39m Changes detected. Rebuilding...
[1mInitial chunk files[22m[2m | [22m[1mNames[22m                    [2m | [22m [1mRaw size[22m
[32mmain.js[39m            [2m | [22m[2mmain[22m                     [2m | [22m [36m18.27 kB[39m[2m | [22m

[1mLazy chunk files[22m   [2m | [22m[1mNames[22m                    [2m | [22m [1mRaw size[22m
[32mchunk-GNSR4PHO.js[39m  [2m | [22m[2mcable-tv-customer-history[22m[2m | [22m[36m172.01 kB[39m[2m | [22m

Application bundle generation complete. [2.514 seconds] - 2026-07-13T10:25:46.184Z

Page reload sent to client(s).
[33m>[39m Changes detected. Rebuilding...
[32m√[39m Changes detected. Rebuilding...
Application bundle generation failed. [2.504 seconds] - 2026-07-13T10:27:03.506Z

[33m>[39m Changes detected. Rebuilding...
[32m√[39m Changes detected. Rebuilding...
[1mInitial chunk files[22m[2m | [22m[1mNames[22m                    [2m | [22m [1mRaw size[22m
[32mstyles.css[39m         [2m | [22m[2mstyles[22m                   [2m | [22m[36m303.31 kB[39m[2m | [22m
[32mscripts.js[39m         [2m | [22m[2mscripts[22m                  [2m | [22m[36m107.73 kB[39m[2m | [22m
[32mmain.js[39m            [2m | [22m[2mmain[22m                     [2m | [22m [36m18.27 kB[39m[2m | [22m
[32mchunk-H5EMXSL6.js[39m  [2m | [22m[2m-[22m                        [2m | [22m  [36m3.80 kB[39m[2m | [22m
[32mchunk-4RWJN4ZL.js[39m  [2m | [22m[2m-[22m                        [2m | [22m  [36m2.62 kB[39m[2m | [22m
[32mchunk-VGKOSW2G.js[39m  [2m | [22m[2m-[22m                        [2m | [22m  [36m1.10 kB[39m[2m | [22m
[32mchunk-CZJLB7T5.js[39m  [2m | [22m[2m-[22m                        [2m | [22m  [36m1.08 kB[39m[2m | [22m
[32mpolyfills.js[39m       [2m | [22m[2mpolyfills[22m                [2m | [22m [36m95 bytes[39m[2m | [22m

[1m [22m                  [2m | [22m[1mInitial total[22m            [2m | [22m[1m438.00 kB[22m

[1mLazy chunk files[22m   [2m | [22m[1mNames[22m                    [2m | [22m [1mRaw size[22m
[32mchunk-AYOJ6HMC.js[39m  [2m | [22m[2mcable-tv-customer-history[22m[2m | [22m[36m172.19 kB[39m[2m | [22m
[32mchunk-ILKB3267.js[39m  [2m | [22m[2mquotation-form[22m           [2m | [22m[36m105.86 kB[39m[2m | [22m
[32mchunk-I6BRTPKZ.js[39m  [2m | [22m[2mcable-tv-customer-form[22m   [2m | [22m[36m105.15 kB[39m[2m | [22m
[32mchunk-T7CYVEHT.js[39m  [2m | [22m[2mwork-order-material[22m      [2m | [22m [36m71.08 kB[39m[2m | [22m
[32mchunk-75A4IJV2.js[39m  [2m | [22m[2mlayout[22m                   [2m | [22m [36m67.91 kB[39m[2m | [22m
[32mchunk-MASDPFKH.js[39m  [2m | [22m[2mwork-order-form[22m          [2m | [22m [36m55.53 kB[39m[2m | [22m
[32mchunk-HWYQCMA4.js[39m  [2m | [22m[2memployee-form[22m            [2m | [22m [36m46.63 kB[39m[2m | [22m
[32mchunk-UPXZ7UJM.js[39m  [2m | [22m[2memployee-salary[22m          [2m | [22m [36m43.98 kB[39m[2m | [22m
[32mchunk-V53QRBAB.js[39m  [2m | [22m[2mpurchase-form[22m            [2m | [22m [36m40.83 kB[39m[2m | [22m
[32mchunk-JRFSJQFB.js[39m  [2m | [22m[2muser-list[22m                [2m | [22m [36m39.00 kB[39m[2m | [22m
[32mchunk-AEGTWJFS.js[39m  [2m | [22m[2mcable-tv-masters[22m         [2m | [22m [36m38.28 kB[39m[2m | [22m
[32mchunk-6BF7AZ6O.js[39m  [2m | [22m[2msales[22m                    [2m | [22m [36m37.75 kB[39m[2m | [22m
[32mchunk-CEBBYPL5.js[39m  [2m | [22m[2mcategories-list[22m          [2m | [22m [36m37.41 kB[39m[2m | [22m
[32mchunk-WPZIDCR2.js[39m  [2m | [22m[2mproduct-list[22m             [2m | [22m [36m36.34 kB[39m[2m | [22m
[32mchunk-OY3DRA3U.js[39m  [2m | [22m[2mcable-tv-customer-list[22m   [2m | [22m [36m32.80 kB[39m[2m | [22m
[2m...and 47 more lazy chunks files. Use "--verbose" to show all the files.[22m

Application bundle generation complete. [2.581 seconds] - 2026-07-13T10:27:10.677Z

Page reload sent to client(s).
[33m>[39m Changes detected. Rebuilding...
[32m√[39m Changes detected. Rebuilding...
[1mInitial chunk files[22m[2m | [22m[1mNames[22m                    [2m | [22m [1mRaw size[22m
[32mmain.js[39m            [2m | [22m[2mmain[22m                     [2m | [22m [36m18.27 kB[39m[2m | [22m

[1mLazy chunk files[22m   [2m | [22m[1mNames[22m                    [2m | [22m [1mRaw size[22m
[32mchunk-6TSP6ATL.js[39m  [2m | [22m[2mcable-tv-customer-history[22m[2m | [22m[36m172.43 kB[39m[2m | [22m

Application bundle generation complete. [2.734 seconds] - 2026-07-13T10:28:41.138Z

Page reload sent to client(s).
[33m>[39m Changes detected. Rebuilding...
[32m√[39m Changes detected. Rebuilding...
[1mInitial chunk files[22m[2m | [22m[1mNames[22m                    [2m | [22m [1mRaw size[22m
[32mmain.js[39m            [2m | [22m[2mmain[22m                     [2m | [22m [36m18.27 kB[39m[2m | [22m

[1mLazy chunk files[22m   [2m | [22m[1mNames[22m                    [2m | [22m [1mRaw size[22m
[32mchunk-FSPN3HZO.js[39m  [2m | [22m[2mcable-tv-customer-history[22m[2m | [22m[36m172.35 kB[39m[2m | [22m

Application bundle generation complete. [2.497 seconds] - 2026-07-13T10:28:46.678Z

Page reload sent to client(s).
[33m>[39m Changes detected. Rebuilding...
[32m√[39m Changes detected. Rebuilding...
[1mInitial chunk files[22m[2m | [22m[1mNames[22m                    [2m | [22m [1mRaw size[22m
[32mmain.js[39m            [2m | [22m[2mmain[22m                     [2m | [22m [36m18.27 kB[39m[2m | [22m

[1mLazy chunk files[22m   [2m | [22m[1mNames[22m                    [2m | [22m [1mRaw size[22m
[32mchunk-T2IPFGTB.js[39m  [2m | [22m[2mcable-tv-customer-history[22m[2m | [22m[36m172.41 kB[39m[2m | [22m

Application bundle generation complete. [2.624 seconds] - 2026-07-13T10:34:49.970Z

Component update sent to client(s).
[33m>[39m Changes detected. Rebuilding...
[32m√[39m Changes detected. Rebuilding...
Application bundle generation failed. [3.004 seconds] - 2026-07-13T10:36:36.519Z

[33m>[39m Changes detected. Rebuilding...
[32m√[39m Changes detected. Rebuilding...
[1mInitial chunk files[22m[2m | [22m[1mNames[22m                    [2m | [22m [1mRaw size[22m
[32mstyles.css[39m         [2m | [22m[2mstyles[22m                   [2m | [22m[36m303.31 kB[39m[2m | [22m
[32mscripts.js[39m         [2m | [22m[2mscripts[22m                  [2m | [22m[36m107.73 kB[39m[2m | [22m
[32mmain.js[39m            [2m | [22m[2mmain[22m                     [2m | [22m [36m18.27 kB[39m[2m | [22m
[32mchunk-H5EMXSL6.js[39m  [2m | [22m[2m-[22m                        [2m | [22m  [36m3.80 kB[39m[2m | [22m
[32mchunk-4RWJN4ZL.js[39m  [2m | [22m[2m-[22m                        [2m | [22m  [36m2.62 kB[39m[2m | [22m
[32mchunk-VGKOSW2G.js[39m  [2m | [22m[2m-[22m                        [2m | [22m  [36m1.10 kB[39m[2m | [22m
[32mchunk-CZJLB7T5.js[39m  [2m | [22m[2m-[22m                        [2m | [22m  [36m1.08 kB[39m[2m | [22m
[32mpolyfills.js[39m       [2m | [22m[2mpolyfills[22m                [2m | [22m [36m95 bytes[39m[2m | [22m

[1m [22m                  [2m | [22m[1mInitial total[22m            [2m | [22m[1m438.00 kB[22m

[1mLazy chunk files[22m   [2m | [22m[1mNames[22m                    [2m | [22m [1mRaw size[22m
[32mchunk-3OF7JDRI.js[39m  [2m | [22m[2mcable-tv-customer-history[22m[2m | [22m[36m172.78 kB[39m[2m | [22m
[32mchunk-ILKB3267.js[39m  [2m | [22m[2mquotation-form[22m           [2m | [22m[36m105.86 kB[39m[2m | [22m
[32mchunk-I6BRTPKZ.js[39m  [2m | [22m[2mcable-tv-customer-form[22m   [2m | [22m[36m105.15 kB[39m[2m | [22m
[32mchunk-T7CYVEHT.js[39m  [2m | [22m[2mwork-order-material[22m      [2m | [22m [36m71.08 kB[39m[2m | [22m
[32mchunk-75A4IJV2.js[39m  [2m | [22m[2mlayout[22m                   [2m | [22m [36m67.91 kB[39m[2m | [22m
[32mchunk-MASDPFKH.js[39m  [2m | [22m[2mwork-order-form[22m          [2m | [22m [36m55.53 kB[39m[2m | [22m
[32mchunk-HWYQCMA4.js[39m  [2m | [22m[2memployee-form[22m            [2m | [22m [36m46.63 kB[39m[2m | [22m
[32mchunk-UPXZ7UJM.js[39m  [2m | [22m[2memployee-salary[22m          [2m | [22m [36m43.98 kB[39m[2m | [22m
[32mchunk-V53QRBAB.js[39m  [2m | [22m[2mpurchase-form[22m            [2m | [22m [36m40.83 kB[39m[2m | [22m
[32mchunk-JRFSJQFB.js[39m  [2m | [22m[2muser-list[22m                [2m | [22m [36m39.00 kB[39m[2m | [22m
[32mchunk-AEGTWJFS.js[39m  [2m | [22m[2mcable-tv-masters[22m         [2m | [22m [36m38.28 kB[39m[2m | [22m
[32mchunk-6BF7AZ6O.js[39m  [2m | [22m[2msales[22m                    [2m | [22m [36m37.75 kB[39m[2m | [22m
[32mchunk-CEBBYPL5.js[39m  [2m | [22m[2mcategories-list[22m          [2m | [22m [36m37.41 kB[39m[2m | [22m
[32mchunk-WPZIDCR2.js[39m  [2m | [22m[2mproduct-list[22m             [2m | [22m [36m36.34 kB[39m[2m | [22m
[32mchunk-OY3DRA3U.js[39m  [2m | [22m[2mcable-tv-customer-list[22m   [2m | [22m [36m32.80 kB[39m[2m | [22m
[2m...and 47 more lazy chunks files. Use "--verbose" to show all the files.[22m

Application bundle generation complete. [2.865 seconds] - 2026-07-13T10:36:43.059Z

Page reload sent to client(s).
[33m>[39m Changes detected. Rebuilding...
[32m√[39m Changes detected. Rebuilding...
Application bundle generation failed. [4.145 seconds] - 2026-07-13T10:54:23.492Z

[33m>[39m Changes detected. Rebuilding...
[32m√[39m Changes detected. Rebuilding...
[1mInitial chunk files[22m[2m | [22m[1mNames[22m                    [2m | [22m [1mRaw size[22m
[32mstyles.css[39m         [2m | [22m[2mstyles[22m                   [2m | [22m[36m303.31 kB[39m[2m | [22m
[32mscripts.js[39m         [2m | [22m[2mscripts[22m                  [2m | [22m[36m107.73 kB[39m[2m | [22m
[32mmain.js[39m            [2m | [22m[2mmain[22m                     [2m | [22m [36m18.27 kB[39m[2m | [22m
[32mchunk-H5EMXSL6.js[39m  [2m | [22m[2m-[22m                        [2m | [22m  [36m3.80 kB[39m[2m | [22m
[32mchunk-4RWJN4ZL.js[39m  [2m | [22m[2m-[22m                        [2m | [22m  [36m2.62 kB[39m[2m | [22m
[32mchunk-VGKOSW2G.js[39m  [2m | [22m[2m-[22m                        [2m | [22m  [36m1.10 kB[39m[2m | [22m
[32mchunk-CZJLB7T5.js[39m  [2m | [22m[2m-[22m                        [2m | [22m  [36m1.08 kB[39m[2m | [22m
[32mpolyfills.js[39m       [2m | [22m[2mpolyfills[22m                [2m | [22m [36m95 bytes[39m[2m | [22m

[1m [22m                  [2m | [22m[1mInitial total[22m            [2m | [22m[1m438.00 kB[22m

[1mLazy chunk files[22m   [2m | [22m[1mNames[22m                    [2m | [22m [1mRaw size[22m
[32mchunk-DBGPMELE.js[39m  [2m | [22m[2mcable-tv-customer-history[22m[2m | [22m[36m173.45 kB[39m[2m | [22m
[32mchunk-ILKB3267.js[39m  [2m | [22m[2mquotation-form[22m           [2m | [22m[36m105.86 kB[39m[2m | [22m
[32mchunk-I6BRTPKZ.js[39m  [2m | [22m[2mcable-tv-customer-form[22m   [2m | [22m[36m105.15 kB[39m[2m | [22m
[32mchunk-T7CYVEHT.js[39m  [2m | [22m[2mwork-order-material[22m      [2m | [22m [36m71.08 kB[39m[2m | [22m
[32mchunk-75A4IJV2.js[39m  [2m | [22m[2mlayout[22m                   [2m | [22m [36m67.91 kB[39m[2m | [22m
[32mchunk-MASDPFKH.js[39m  [2m | [22m[2mwork-order-form[22m          [2m | [22m [36m55.53 kB[39m[2m | [22m
[32mchunk-HWYQCMA4.js[39m  [2m | [22m[2memployee-form[22m            [2m | [22m [36m46.63 kB[39m[2m | [22m
[32mchunk-UPXZ7UJM.js[39m  [2m | [22m[2memployee-salary[22m          [2m | [22m [36m43.98 kB[39m[2m | [22m
[32mchunk-V53QRBAB.js[39m  [2m | [22m[2mpurchase-form[22m            [2m | [22m [36m40.83 kB[39m[2m | [22m
[32mchunk-JRFSJQFB.js[39m  [2m | [22m[2muser-list[22m                [2m | [22m [36m39.00 kB[39m[2m | [22m
[32mchunk-AEGTWJFS.js[39m  [2m | [22m[2mcable-tv-masters[22m         [2m | [22m [36m38.28 kB[39m[2m | [22m
[32mchunk-6BF7AZ6O.js[39m  [2m | [22m[2msales[22m                    [2m | [22m [36m37.75 kB[39m[2m | [22m
[32mchunk-CEBBYPL5.js[39m  [2m | [22m[2mcategories-list[22m          [2m | [22m [36m37.41 kB[39m[2m | [22m
[32mchunk-WPZIDCR2.js[39m  [2m | [22m[2mproduct-list[22m             [2m | [22m [36m36.34 kB[39m[2m | [22m
[32mchunk-OY3DRA3U.js[39m  [2m | [22m[2mcable-tv-customer-list[22m   [2m | [22m [36m32.80 kB[39m[2m | [22m
[2m...and 47 more lazy chunks files. Use "--verbose" to show all the files.[22m

Application bundle generation complete. [3.033 seconds] - 2026-07-13T10:54:27.803Z

Page reload sent to client(s).
[33m>[39m Changes detected. Rebuilding...
[32m√[39m Changes detected. Rebuilding...
[1mInitial chunk files[22m[2m | [22m[1mNames[22m                    [2m | [22m [1mRaw size[22m
[32mmain.js[39m            [2m | [22m[2mmain[22m                     [2m | [22m [36m18.27 kB[39m[2m | [22m

[1mLazy chunk files[22m   [2m | [22m[1mNames[22m                    [2m | [22m [1mRaw size[22m
[32mchunk-BMZ3TPNG.js[39m  [2m | [22m[2mcable-tv-customer-history[22m[2m | [22m[36m174.57 kB[39m[2m | [22m

Application bundle generation complete. [2.061 seconds] - 2026-07-13T10:54:34.487Z

Component update sent to client(s).
[33m>[39m Changes detected. Rebuilding...
[32m√[39m Changes detected. Rebuilding...
[1mInitial chunk files[22m[2m | [22m[1mNames[22m                    [2m | [22m [1mRaw size[22m
[32mmain.js[39m            [2m | [22m[2mmain[22m                     [2m | [22m [36m18.27 kB[39m[2m | [22m

[1mLazy chunk files[22m   [2m | [22m[1mNames[22m                    [2m | [22m [1mRaw size[22m
[32mchunk-4BOBNACU.js[39m  [2m | [22m[2mcable-tv-customer-history[22m[2m | [22m[36m174.59 kB[39m[2m | [22m

Application bundle generation complete. [3.259 seconds] - 2026-07-13T12:07:21.038Z

Component update sent to client(s).
[33m>[39m Changes detected. Rebuilding...
[32m√[39m Changes detected. Rebuilding...
[1mInitial chunk files[22m[2m | [22m[1mNames[22m           [2m | [22m[1mRaw size[22m
[32mmain.js[39m            [2m | [22m[2mmain[22m            [2m | [22m[36m18.27 kB[39m[2m | [22m

[1mLazy chunk files[22m   [2m | [22m[1mNames[22m           [2m | [22m[1mRaw size[22m
[32mchunk-XIWNMB2I.js[39m  [2m | [22m[2mcable-tv-masters[22m[2m | [22m[36m38.29 kB[39m[2m | [22m

Application bundle generation complete. [4.150 seconds] - 2026-07-13T12:07:29.197Z

Component update sent to client(s).
[33m>[39m Changes detected. Rebuilding...
[32m√[39m Changes detected. Rebuilding...
[1mInitial chunk files[22m[2m | [22m[1mNames[22m                    [2m | [22m [1mRaw size[22m
[32mmain.js[39m            [2m | [22m[2mmain[22m                     [2m | [22m [36m18.27 kB[39m[2m | [22m

[1mLazy chunk files[22m   [2m | [22m[1mNames[22m                    [2m | [22m [1mRaw size[22m
[32mchunk-QVYUNBKU.js[39m  [2m | [22m[2mcable-tv-customer-history[22m[2m | [22m[36m174.71 kB[39m[2m | [22m

Application bundle generation complete. [1.853 seconds] - 2026-07-13T12:07:35.909Z

Component update sent to client(s).
[33m>[39m Changes detected. Rebuilding...
[32m√[39m Changes detected. Rebuilding...
[1mInitial chunk files[22m[2m | [22m[1mNames[22m           [2m | [22m[1mRaw size[22m
[32mmain.js[39m            [2m | [22m[2mmain[22m            [2m | [22m[36m18.27 kB[39m[2m | [22m

[1mLazy chunk files[22m   [2m | [22m[1mNames[22m           [2m | [22m[1mRaw size[22m
[32mchunk-N6G6S3SB.js[39m  [2m | [22m[2mcable-tv-masters[22m[2m | [22m[36m38.65 kB[39m[2m | [22m

Application bundle generation complete. [0.464 seconds] - 2026-07-13T12:07:41.298Z

Component update sent to client(s).
[33m>[39m Changes detected. Rebuilding...
[32m√[39m Changes detected. Rebuilding...
[1mInitial chunk files[22m[2m | [22m[1mNames[22m                 [2m | [22m[1mRaw size[22m
[32mmain.js[39m            [2m | [22m[2mmain[22m                  [2m | [22m[36m18.27 kB[39m[2m | [22m

[1mLazy chunk files[22m   [2m | [22m[1mNames[22m                 [2m | [22m[1mRaw size[22m
[32mchunk-I5EKQ2QR.js[39m  [2m | [22m[2mcable-tv-customer-list[22m[2m | [22m[36m32.53 kB[39m[2m | [22m

Application bundle generation complete. [0.897 seconds] - 2026-07-13T12:16:08.666Z

Page reload sent to client(s).
[33m>[39m Changes detected. Rebuilding...
[32m√[39m Changes detected. Rebuilding...
[1mInitial chunk files[22m[2m | [22m[1mNames[22m[2m | [22m[1mRaw size[22m
[32mmain.js[39m            [2m | [22m[2mmain[22m [2m | [22m[36m18.53 kB[39m[2m | [22m

Application bundle generation complete. [0.694 seconds] - 2026-07-13T12:16:16.924Z

Page reload sent to client(s).
[33m>[39m Changes detected. Rebuilding...
[32m√[39m Changes detected. Rebuilding...
[1mInitial chunk files[22m[2m | [22m[1mNames[22m                    [2m | [22m [1mRaw size[22m
[32mmain.js[39m            [2m | [22m[2mmain[22m                     [2m | [22m [36m18.53 kB[39m[2m | [22m

[1mLazy chunk files[22m   [2m | [22m[1mNames[22m                    [2m | [22m [1mRaw size[22m
[32mchunk-E5JFTA7H.js[39m  [2m | [22m[2mcable-tv-customer-history[22m[2m | [22m[36m175.35 kB[39m[2m | [22m

Application bundle generation complete. [2.634 seconds] - 2026-07-13T12:16:31.079Z

Page reload sent to client(s).
[33m>[39m Changes detected. Rebuilding...
[32m√[39m Changes detected. Rebuilding...
[1mInitial chunk files[22m[2m | [22m[1mNames[22m                    [2m | [22m [1mRaw size[22m
[32mmain.js[39m            [2m | [22m[2mmain[22m                     [2m | [22m [36m18.53 kB[39m[2m | [22m

[1mLazy chunk files[22m   [2m | [22m[1mNames[22m                    [2m | [22m [1mRaw size[22m
[32mchunk-UFBVMAOJ.js[39m  [2m | [22m[2mcable-tv-customer-history[22m[2m | [22m[36m176.83 kB[39m[2m | [22m

Application bundle generation complete. [2.561 seconds] - 2026-07-13T12:16:40.353Z

Component update sent to client(s).
[33m>[39m Changes detected. Rebuilding...
[32m√[39m Changes detected. Rebuilding...
[1mInitial chunk files[22m[2m | [22m[1mNames[22m                    [2m | [22m [1mRaw size[22m
[32mmain.js[39m            [2m | [22m[2mmain[22m                     [2m | [22m [36m18.53 kB[39m[2m | [22m

[1mLazy chunk files[22m   [2m | [22m[1mNames[22m                    [2m | [22m [1mRaw size[22m
[32mchunk-CLF2CCKL.js[39m  [2m | [22m[2mcable-tv-customer-history[22m[2m | [22m[36m176.94 kB[39m[2m | [22m

Application bundle generation complete. [3.045 seconds] - 2026-07-13T12:16:49.468Z

Page reload sent to client(s).
[33m>[39m Changes detected. Rebuilding...
[32m√[39m Changes detected. Rebuilding...
[1mInitial chunk files[22m[2m | [22m[1mNames[22m                    [2m | [22m [1mRaw size[22m
[32mmain.js[39m            [2m | [22m[2mmain[22m                     [2m | [22m [36m18.53 kB[39m[2m | [22m

[1mLazy chunk files[22m   [2m | [22m[1mNames[22m                    [2m | [22m [1mRaw size[22m
[32mchunk-OUNKGA7N.js[39m  [2m | [22m[2mcable-tv-customer-history[22m[2m | [22m[36m178.22 kB[39m[2m | [22m

Application bundle generation complete. [2.864 seconds] - 2026-07-13T12:16:57.270Z

Component update sent to client(s).
[33m>[39m Changes detected. Rebuilding...
[32m√[39m Changes detected. Rebuilding...
[1mInitial chunk files[22m[2m | [22m[1mNames[22m                 [2m | [22m[1mRaw size[22m
[32mmain.js[39m            [2m | [22m[2mmain[22m                  [2m | [22m[36m18.53 kB[39m[2m | [22m

[1mLazy chunk files[22m   [2m | [22m[1mNames[22m                 [2m | [22m[1mRaw size[22m
[32mchunk-5HBTK56Z.js[39m  [2m | [22m[2mcable-tv-customer-list[22m[2m | [22m[36m23.60 kB[39m[2m | [22m

Application bundle generation complete. [0.771 seconds] - 2026-07-13T12:33:07.101Z

Component update sent to client(s).
[33m>[39m Changes detected. Rebuilding...
[32m√[39m Changes detected. Rebuilding...
[1mInitial chunk files[22m[2m | [22m[1mNames[22m                 [2m | [22m[1mRaw size[22m
[32mmain.js[39m            [2m | [22m[2mmain[22m                  [2m | [22m[36m18.53 kB[39m[2m | [22m

[1mLazy chunk files[22m   [2m | [22m[1mNames[22m                 [2m | [22m[1mRaw size[22m
[32mchunk-M522HMQL.js[39m  [2m | [22m[2mcable-tv-customer-list[22m[2m | [22m[36m22.78 kB[39m[2m | [22m

Application bundle generation complete. [0.374 seconds] - 2026-07-13T12:33:27.563Z

Page reload sent to client(s).
[33m>[39m Changes detected. Rebuilding...
[32m√[39m Changes detected. Rebuilding...
[1mInitial chunk files[22m[2m | [22m[1mNames[22m                    [2m | [22m [1mRaw size[22m
[32mmain.js[39m            [2m | [22m[2mmain[22m                     [2m | [22m [36m18.53 kB[39m[2m | [22m

[1mLazy chunk files[22m   [2m | [22m[1mNames[22m                    [2m | [22m [1mRaw size[22m
[32mchunk-P5P2ZHBI.js[39m  [2m | [22m[2mcable-tv-customer-history[22m[2m | [22m[36m179.38 kB[39m[2m | [22m

Application bundle generation complete. [2.131 seconds] - 2026-07-13T12:33:43.187Z

Page reload sent to client(s).
[33m>[39m Changes detected. Rebuilding...
[32m√[39m Changes detected. Rebuilding...
[1mInitial chunk files[22m[2m | [22m[1mNames[22m                    [2m | [22m [1mRaw size[22m
[32mmain.js[39m            [2m | [22m[2mmain[22m                     [2m | [22m [36m18.53 kB[39m[2m | [22m

[1mLazy chunk files[22m   [2m | [22m[1mNames[22m                    [2m | [22m [1mRaw size[22m
[32mchunk-DPE2VRZN.js[39m  [2m | [22m[2mcable-tv-customer-history[22m[2m | [22m[36m179.47 kB[39m[2m | [22m

Application bundle generation complete. [2.443 seconds] - 2026-07-13T12:33:51.620Z

Page reload sent to client(s).
[33m>[39m Changes detected. Rebuilding...
[32m√[39m Changes detected. Rebuilding...
[1mInitial chunk files[22m[2m | [22m[1mNames[22m                    [2m | [22m [1mRaw size[22m
[32mmain.js[39m            [2m | [22m[2mmain[22m                     [2m | [22m [36m18.53 kB[39m[2m | [22m

[1mLazy chunk files[22m   [2m | [22m[1mNames[22m                    [2m | [22m [1mRaw size[22m
[32mchunk-HO4ZT4KW.js[39m  [2m | [22m[2mcable-tv-customer-history[22m[2m | [22m[36m181.15 kB[39m[2m | [22m

Application bundle generation complete. [1.788 seconds] - 2026-07-13T12:33:57.654Z

Component update sent to client(s).
[33m>[39m Changes detected. Rebuilding...
[32m√[39m Changes detected. Rebuilding...
[1mInitial chunk files[22m[2m | [22m[1mNames[22m                    [2m | [22m [1mRaw size[22m
[32mmain.js[39m            [2m | [22m[2mmain[22m                     [2m | [22m [36m18.53 kB[39m[2m | [22m

[1mLazy chunk files[22m   [2m | [22m[1mNames[22m                    [2m | [22m [1mRaw size[22m
[32mchunk-EH23C2CJ.js[39m  [2m | [22m[2mcable-tv-customer-history[22m[2m | [22m[36m182.00 kB[39m[2m | [22m

Application bundle generation complete. [2.939 seconds] - 2026-07-13T12:34:07.811Z

Component update sent to client(s).
[33m>[39m Changes detected. Rebuilding...
[32m√[39m Changes detected. Rebuilding...
[1mInitial chunk files[22m[2m | [22m[1mNames[22m        [2m | [22m[1mRaw size[22m
[32mmain.js[39m            [2m | [22m[2mmain[22m         [2m | [22m[36m18.53 kB[39m[2m | [22m

[1mLazy chunk files[22m   [2m | [22m[1mNames[22m        [2m | [22m[1mRaw size[22m
[32mchunk-G7ERVAIS.js[39m  [2m | [22m[2memployee-form[22m[2m | [22m[36m48.77 kB[39m[2m | [22m

Application bundle generation complete. [0.972 seconds] - 2026-07-14T06:54:43.285Z

Page reload sent to client(s).
[33m>[39m Changes detected. Rebuilding...
[32m√[39m Changes detected. Rebuilding...
Application bundle generation failed. [0.385 seconds] - 2026-07-14T06:55:22.167Z

[33m>[39m Changes detected. Rebuilding...
[32m√[39m Changes detected. Rebuilding...
[1mInitial chunk files[22m[2m | [22m[1mNames[22m                    [2m | [22m [1mRaw size[22m
[32mstyles.css[39m         [2m | [22m[2mstyles[22m                   [2m | [22m[36m303.31 kB[39m[2m | [22m
[32mscripts.js[39m         [2m | [22m[2mscripts[22m                  [2m | [22m[36m107.73 kB[39m[2m | [22m
[32mmain.js[39m            [2m | [22m[2mmain[22m                     [2m | [22m [36m18.53 kB[39m[2m | [22m
[32mchunk-H5EMXSL6.js[39m  [2m | [22m[2m-[22m                        [2m | [22m  [36m3.80 kB[39m[2m | [22m
[32mchunk-4RWJN4ZL.js[39m  [2m | [22m[2m-[22m                        [2m | [22m  [36m2.62 kB[39m[2m | [22m
[32mchunk-VGKOSW2G.js[39m  [2m | [22m[2m-[22m                        [2m | [22m  [36m1.10 kB[39m[2m | [22m
[32mchunk-CZJLB7T5.js[39m  [2m | [22m[2m-[22m                        [2m | [22m  [36m1.08 kB[39m[2m | [22m
[32mpolyfills.js[39m       [2m | [22m[2mpolyfills[22m                [2m | [22m [36m95 bytes[39m[2m | [22m

[1m [22m                  [2m | [22m[1mInitial total[22m            [2m | [22m[1m438.26 kB[22m

[1mLazy chunk files[22m   [2m | [22m[1mNames[22m                    [2m | [22m [1mRaw size[22m
[32mchunk-EH23C2CJ.js[39m  [2m | [22m[2mcable-tv-customer-history[22m[2m | [22m[36m182.00 kB[39m[2m | [22m
[32mchunk-ILKB3267.js[39m  [2m | [22m[2mquotation-form[22m           [2m | [22m[36m105.86 kB[39m[2m | [22m
[32mchunk-I6BRTPKZ.js[39m  [2m | [22m[2mcable-tv-customer-form[22m   [2m | [22m[36m105.15 kB[39m[2m | [22m
[32mchunk-T7CYVEHT.js[39m  [2m | [22m[2mwork-order-material[22m      [2m | [22m [36m71.08 kB[39m[2m | [22m
[32mchunk-75A4IJV2.js[39m  [2m | [22m[2mlayout[22m                   [2m | [22m [36m67.91 kB[39m[2m | [22m
[32mchunk-MASDPFKH.js[39m  [2m | [22m[2mwork-order-form[22m          [2m | [22m [36m55.53 kB[39m[2m | [22m
[32mchunk-7J4UELM3.js[39m  [2m | [22m[2memployee-form[22m            [2m | [22m [36m49.13 kB[39m[2m | [22m
[32mchunk-UPXZ7UJM.js[39m  [2m | [22m[2memployee-salary[22m          [2m | [22m [36m43.98 kB[39m[2m | [22m
[32mchunk-V53QRBAB.js[39m  [2m | [22m[2mpurchase-form[22m            [2m | [22m [36m40.83 kB[39m[2m | [22m
[32mchunk-JRFSJQFB.js[39m  [2m | [22m[2muser-list[22m                [2m | [22m [36m39.00 kB[39m[2m | [22m
[32mchunk-N6G6S3SB.js[39m  [2m | [22m[2mcable-tv-masters[22m         [2m | [22m [36m38.65 kB[39m[2m | [22m
[32mchunk-6BF7AZ6O.js[39m  [2m | [22m[2msales[22m                    [2m | [22m [36m37.75 kB[39m[2m | [22m
[32mchunk-CEBBYPL5.js[39m  [2m | [22m[2mcategories-list[22m          [2m | [22m [36m37.41 kB[39m[2m | [22m
[32mchunk-WPZIDCR2.js[39m  [2m | [22m[2mproduct-list[22m             [2m | [22m [36m36.34 kB[39m[2m | [22m
[32mchunk-UFAOFO63.js[39m  [2m | [22m[2mcustomer-form[22m            [2m | [22m [36m30.27 kB[39m[2m | [22m
[2m...and 47 more lazy chunks files. Use "--verbose" to show all the files.[22m

Application bundle generation complete. [0.487 seconds] - 2026-07-14T06:55:29.484Z

Page reload sent to client(s).
[33m>[39m Changes detected. Rebuilding...
[32m√[39m Changes detected. Rebuilding...
[1mInitial chunk files[22m[2m | [22m[1mNames[22m        [2m | [22m[1mRaw size[22m
[32mmain.js[39m            [2m | [22m[2mmain[22m         [2m | [22m[36m18.53 kB[39m[2m | [22m

[1mLazy chunk files[22m   [2m | [22m[1mNames[22m        [2m | [22m[1mRaw size[22m
[32mchunk-Y5A3OSVS.js[39m  [2m | [22m[2memployee-form[22m[2m | [22m[36m49.15 kB[39m[2m | [22m

Application bundle generation complete. [0.397 seconds] - 2026-07-14T06:55:35.757Z

Page reload sent to client(s).
[33m>[39m Changes detected. Rebuilding...
[32m√[39m Changes detected. Rebuilding...
[1mInitial chunk files[22m[2m | [22m[1mNames[22m        [2m | [22m[1mRaw size[22m
[32mmain.js[39m            [2m | [22m[2mmain[22m         [2m | [22m[36m18.53 kB[39m[2m | [22m

[1mLazy chunk files[22m   [2m | [22m[1mNames[22m        [2m | [22m[1mRaw size[22m
[32mchunk-5RZUWU7W.js[39m  [2m | [22m[2memployee-form[22m[2m | [22m[36m50.41 kB[39m[2m | [22m

Application bundle generation complete. [0.784 seconds] - 2026-07-14T06:55:44.975Z

Component update sent to client(s).
[33m>[39m Changes detected. Rebuilding...
[32m√[39m Changes detected. Rebuilding...
[1mInitial chunk files[22m[2m | [22m[1mNames[22m        [2m | [22m[1mRaw size[22m
[32mmain.js[39m            [2m | [22m[2mmain[22m         [2m | [22m[36m18.53 kB[39m[2m | [22m

[1mLazy chunk files[22m   [2m | [22m[1mNames[22m        [2m | [22m[1mRaw size[22m
[32mchunk-DODHXBGJ.js[39m  [2m | [22m[2memployee-form[22m[2m | [22m[36m51.36 kB[39m[2m | [22m

Application bundle generation complete. [0.928 seconds] - 2026-07-14T06:55:59.925Z

Component update sent to client(s).
[33m>[39m Changes detected. Rebuilding...
[32m√[39m Changes detected. Rebuilding...
[1mInitial chunk files[22m[2m | [22m[1mNames[22m          [2m | [22m [1mRaw size[22m
[32mmain.js[39m            [2m | [22m[2mmain[22m           [2m | [22m [36m18.53 kB[39m[2m | [22m

[1mLazy chunk files[22m   [2m | [22m[1mNames[22m          [2m | [22m [1mRaw size[22m
[32mchunk-HBS767MN.js[39m  [2m | [22m[2mquotation-form[22m [2m | [22m[36m105.86 kB[39m[2m | [22m
[32mchunk-QZJQQQNL.js[39m  [2m | [22m[2mwork-order-form[22m[2m | [22m [36m55.53 kB[39m[2m | [22m
[32mchunk-RVN2KEZQ.js[39m  [2m | [22m[2muser-list[22m      [2m | [22m [36m40.70 kB[39m[2m | [22m

Application bundle generation complete. [0.779 seconds] - 2026-07-14T06:57:31.620Z

Page reload sent to client(s).
[33m>[39m Changes detected. Rebuilding...
[32m√[39m Changes detected. Rebuilding...
[1mInitial chunk files[22m[2m | [22m[1mNames[22m    [2m | [22m[1mRaw size[22m
[32mmain.js[39m            [2m | [22m[2mmain[22m     [2m | [22m[36m18.53 kB[39m[2m | [22m

[1mLazy chunk files[22m   [2m | [22m[1mNames[22m    [2m | [22m[1mRaw size[22m
[32mchunk-OKNMP4QB.js[39m  [2m | [22m[2muser-list[22m[2m | [22m[36m41.82 kB[39m[2m | [22m

Application bundle generation complete. [0.373 seconds] - 2026-07-14T06:57:43.808Z

Component update sent to client(s).
[33m>[39m Changes detected. Rebuilding...
[32m√[39m Changes detected. Rebuilding...
[1mInitial chunk files[22m[2m | [22m[1mNames[22m    [2m | [22m[1mRaw size[22m
[32mmain.js[39m            [2m | [22m[2mmain[22m     [2m | [22m[36m18.53 kB[39m[2m | [22m

[1mLazy chunk files[22m   [2m | [22m[1mNames[22m    [2m | [22m[1mRaw size[22m
[32mchunk-LWKQWLKS.js[39m  [2m | [22m[2muser-list[22m[2m | [22m[36m41.94 kB[39m[2m | [22m

Application bundle generation complete. [0.372 seconds] - 2026-07-14T06:57:49.954Z

Page reload sent to client(s).
[33m>[39m Changes detected. Rebuilding...
[32m√[39m Changes detected. Rebuilding...
[1mInitial chunk files[22m[2m | [22m[1mNames[22m    [2m | [22m[1mRaw size[22m
[32mmain.js[39m            [2m | [22m[2mmain[22m     [2m | [22m[36m18.53 kB[39m[2m | [22m

[1mLazy chunk files[22m   [2m | [22m[1mNames[22m    [2m | [22m[1mRaw size[22m
[32mchunk-IO5CFRYD.js[39m  [2m | [22m[2muser-list[22m[2m | [22m[36m41.54 kB[39m[2m | [22m

Application bundle generation complete. [0.297 seconds] - 2026-07-14T06:58:06.725Z

Component update sent to client(s).
[33m>[39m Changes detected. Rebuilding...
[32m√[39m Changes detected. Rebuilding...
[1mInitial chunk files[22m[2m | [22m[1mNames[22m    [2m | [22m[1mRaw size[22m
[32mmain.js[39m            [2m | [22m[2mmain[22m     [2m | [22m[36m18.53 kB[39m[2m | [22m

[1mLazy chunk files[22m   [2m | [22m[1mNames[22m    [2m | [22m[1mRaw size[22m
[32mchunk-JDEWOCGX.js[39m  [2m | [22m[2muser-list[22m[2m | [22m[36m41.61 kB[39m[2m | [22m

Application bundle generation complete. [0.394 seconds] - 2026-07-14T06:58:21.568Z

Page reload sent to client(s).
[33m>[39m Changes detected. Rebuilding...
[32m√[39m Changes detected. Rebuilding...
[1mInitial chunk files[22m[2m | [22m[1mNames[22m    [2m | [22m[1mRaw size[22m
[32mmain.js[39m            [2m | [22m[2mmain[22m     [2m | [22m[36m18.53 kB[39m[2m | [22m

[1mLazy chunk files[22m   [2m | [22m[1mNames[22m    [2m | [22m[1mRaw size[22m
[32mchunk-BG7X73GK.js[39m  [2m | [22m[2muser-list[22m[2m | [22m[36m41.69 kB[39m[2m | [22m

Application bundle generation complete. [0.599 seconds] - 2026-07-14T07:04:57.415Z

Page reload sent to client(s).
[33m>[39m Changes detected. Rebuilding...
[32m√[39m Changes detected. Rebuilding...
[1mInitial chunk files[22m[2m | [22m[1mNames[22m    [2m | [22m[1mRaw size[22m
[32mmain.js[39m            [2m | [22m[2mmain[22m     [2m | [22m[36m18.53 kB[39m[2m | [22m

[1mLazy chunk files[22m   [2m | [22m[1mNames[22m    [2m | [22m[1mRaw size[22m
[32mchunk-ZVTBZUWV.js[39m  [2m | [22m[2muser-list[22m[2m | [22m[36m41.80 kB[39m[2m | [22m

Application bundle generation complete. [0.689 seconds] - 2026-07-14T07:05:04.552Z

Component update sent to client(s).
[33m>[39m Changes detected. Rebuilding...
[32m√[39m Changes detected. Rebuilding...
[1mInitial chunk files[22m[2m | [22m[1mNames[22m    [2m | [22m[1mRaw size[22m
[32mmain.js[39m            [2m | [22m[2mmain[22m     [2m | [22m[36m18.53 kB[39m[2m | [22m

[1mLazy chunk files[22m   [2m | [22m[1mNames[22m    [2m | [22m[1mRaw size[22m
[32mchunk-FY7ZGOFB.js[39m  [2m | [22m[2muser-list[22m[2m | [22m[36m43.03 kB[39m[2m | [22m

Application bundle generation complete. [0.840 seconds] - 2026-07-14T07:05:14.392Z

Component update sent to client(s).
[33m>[39m Changes detected. Rebuilding...
[32m√[39m Changes detected. Rebuilding...
[1mInitial chunk files[22m[2m | [22m[1mNames[22m [2m | [22m [1mRaw size[22m
[32mstyles.css[39m         [2m | [22m[2mstyles[22m[2m | [22m[36m303.94 kB[39m[2m | [22m

Application bundle generation complete. [0.858 seconds] - 2026-07-14T07:05:23.648Z

Stylesheet update sent to client(s).
[33m>[39m Changes detected. Rebuilding...
[32m√[39m Changes detected. Rebuilding...
[1mInitial chunk files[22m[2m | [22m[1mNames[22m [2m | [22m [1mRaw size[22m
[32mstyles.css[39m         [2m | [22m[2mstyles[22m[2m | [22m[36m303.94 kB[39m[2m | [22m

Application bundle generation complete. [1.757 seconds] - 2026-07-14T07:12:46.702Z

Stylesheet update sent to client(s).
[33m>[39m Changes detected. Rebuilding...
[32m√[39m Changes detected. Rebuilding...
[1mInitial chunk files[22m[2m | [22m[1mNames[22m    [2m | [22m[1mRaw size[22m
[32mmain.js[39m            [2m | [22m[2mmain[22m     [2m | [22m[36m18.53 kB[39m[2m | [22m

[1mLazy chunk files[22m   [2m | [22m[1mNames[22m    [2m | [22m[1mRaw size[22m
[32mchunk-ISCTI5L2.js[39m  [2m | [22m[2muser-list[22m[2m | [22m[36m43.03 kB[39m[2m | [22m

Application bundle generation complete. [0.658 seconds] - 2026-07-14T08:32:23.277Z

Page reload sent to client(s).
[33m>[39m Changes detected. Rebuilding...
[32m√[39m Changes detected. Rebuilding...
[1mInitial chunk files[22m[2m | [22m[1mNames[22m    [2m | [22m[1mRaw size[22m
[32mmain.js[39m            [2m | [22m[2mmain[22m     [2m | [22m[36m18.53 kB[39m[2m | [22m

[1mLazy chunk files[22m   [2m | [22m[1mNames[22m    [2m | [22m[1mRaw size[22m
[32mchunk-Z6C7MS2I.js[39m  [2m | [22m[2muser-list[22m[2m | [22m[36m43.03 kB[39m[2m | [22m

Application bundle generation complete. [0.338 seconds] - 2026-07-14T08:34:56.158Z

Page reload sent to client(s).
[33m>[39m Changes detected. Rebuilding...
[32m√[39m Changes detected. Rebuilding...
[1mInitial chunk files[22m[2m | [22m[1mNames[22m    [2m | [22m[1mRaw size[22m
[32mmain.js[39m            [2m | [22m[2mmain[22m     [2m | [22m[36m18.53 kB[39m[2m | [22m

[1mLazy chunk files[22m   [2m | [22m[1mNames[22m    [2m | [22m[1mRaw size[22m
[32mchunk-ISCTI5L2.js[39m  [2m | [22m[2muser-list[22m[2m | [22m[36m43.03 kB[39m[2m | [22m

Application bundle generation complete. [0.406 seconds] - 2026-07-14T08:38:16.357Z

Page reload sent to client(s).
[33m>[39m Changes detected. Rebuilding...
[32m√[39m Changes detected. Rebuilding...
[1mInitial chunk files[22m[2m | [22m[1mNames[22m [2m | [22m[1mRaw size[22m
[32mmain.js[39m            [2m | [22m[2mmain[22m  [2m | [22m[36m18.53 kB[39m[2m | [22m

[1mLazy chunk files[22m   [2m | [22m[1mNames[22m [2m | [22m[1mRaw size[22m
[32mchunk-JGOCIYMQ.js[39m  [2m | [22m[2mlayout[22m[2m | [22m[36m67.91 kB[39m[2m | [22m

Application bundle generation complete. [0.539 seconds] - 2026-07-14T09:16:24.967Z

Page reload sent to client(s).
[33m>[39m Changes detected. Rebuilding...
[32m√[39m Changes detected. Rebuilding...
[1mInitial chunk files[22m[2m | [22m[1mNames[22m                 [2m | [22m [1mRaw size[22m
[32mmain.js[39m            [2m | [22m[2mmain[22m                  [2m | [22m [36m18.53 kB[39m[2m | [22m

[1mLazy chunk files[22m   [2m | [22m[1mNames[22m                 [2m | [22m [1mRaw size[22m
[32mchunk-UJFIB53M.js[39m  [2m | [22m[2mcable-tv-customer-form[22m[2m | [22m[36m105.65 kB[39m[2m | [22m

Application bundle generation complete. [0.732 seconds] - 2026-07-14T09:26:53.785Z

Page reload sent to client(s).
[33m>[39m Changes detected. Rebuilding...
[32m√[39m Changes detected. Rebuilding...
[1mInitial chunk files[22m[2m | [22m[1mNames[22m                 [2m | [22m [1mRaw size[22m
[32mmain.js[39m            [2m | [22m[2mmain[22m                  [2m | [22m [36m18.53 kB[39m[2m | [22m

[1mLazy chunk files[22m   [2m | [22m[1mNames[22m                 [2m | [22m [1mRaw size[22m
[32mchunk-RODCDPEG.js[39m  [2m | [22m[2mcable-tv-customer-form[22m[2m | [22m[36m105.66 kB[39m[2m | [22m

Application bundle generation complete. [1.216 seconds] - 2026-07-14T10:16:04.295Z

Page reload sent to client(s).
[33m>[39m Changes detected. Rebuilding...
[32m√[39m Changes detected. Rebuilding...
[1mInitial chunk files[22m[2m | [22m[1mNames[22m                 [2m | [22m [1mRaw size[22m
[32mmain.js[39m            [2m | [22m[2mmain[22m                  [2m | [22m [36m18.53 kB[39m[2m | [22m

[1mLazy chunk files[22m   [2m | [22m[1mNames[22m                 [2m | [22m [1mRaw size[22m
[32mchunk-ORCJDHDL.js[39m  [2m | [22m[2mcable-tv-customer-form[22m[2m | [22m[36m105.63 kB[39m[2m | [22m

Application bundle generation complete. [1.491 seconds] - 2026-07-14T10:18:15.349Z

Page reload sent to client(s).
[33m>[39m Changes detected. Rebuilding...
[32m√[39m Changes detected. Rebuilding...
[1mInitial chunk files[22m[2m | [22m[1mNames[22m                    [2m | [22m [1mRaw size[22m
[32mmain.js[39m            [2m | [22m[2mmain[22m                     [2m | [22m [36m18.53 kB[39m[2m | [22m
[32mchunk-AD7E3CDX.js[39m  [2m | [22m[2m-[22m                        [2m | [22m  [36m3.98 kB[39m[2m | [22m

[1mLazy chunk files[22m   [2m | [22m[1mNames[22m                    [2m | [22m [1mRaw size[22m
[32mchunk-3JLXUGON.js[39m  [2m | [22m[2mcable-tv-customer-history[22m[2m | [22m[36m182.00 kB[39m[2m | [22m
[32mchunk-LBRH6BSN.js[39m  [2m | [22m[2mcable-tv-customer-form[22m   [2m | [22m[36m105.63 kB[39m[2m | [22m
[32mchunk-ADXHPD5S.js[39m  [2m | [22m[2mlayout[22m                   [2m | [22m [36m67.91 kB[39m[2m | [22m
[32mchunk-Y7MDAXLB.js[39m  [2m | [22m[2memployee-salary[22m          [2m | [22m [36m43.98 kB[39m[2m | [22m
[32mchunk-B5H65F5T.js[39m  [2m | [22m[2muser-list[22m                [2m | [22m [36m43.03 kB[39m[2m | [22m
[32mchunk-Y2WVLFFO.js[39m  [2m | [22m[2msales[22m                    [2m | [22m [36m37.75 kB[39m[2m | [22m
[32mchunk-7U756DLS.js[39m  [2m | [22m[2mproduct-list[22m             [2m | [22m [36m36.34 kB[39m[2m | [22m
[32mchunk-BAUNR7QQ.js[39m  [2m | [22m[2msupplier-payments[22m        [2m | [22m [36m26.61 kB[39m[2m | [22m
[32mchunk-F6SSQTVF.js[39m  [2m | [22m[2mbrands-list[22m              [2m | [22m [36m25.87 kB[39m[2m | [22m
[32mchunk-ZPUE7GCT.js[39m  [2m | [22m[2mcable-tv-customer-list[22m   [2m | [22m [36m22.78 kB[39m[2m | [22m
[32mchunk-VHJCRVUL.js[39m  [2m | [22m[2mrole-permissions[22m         [2m | [22m [36m21.09 kB[39m[2m | [22m
[32mchunk-HBRLXDGR.js[39m  [2m | [22m[2mservice-tickets[22m          [2m | [22m [36m19.74 kB[39m[2m | [22m
[32mchunk-Y2NPQ4SU.js[39m  [2m | [22m[2mwarranty-master[22m          [2m | [22m [36m19.48 kB[39m[2m | [22m
[32mchunk-P4UVQATX.js[39m  [2m | [22m[2mcustomer-payments[22m        [2m | [22m [36m17.53 kB[39m[2m | [22m
[32mchunk-TJWBB5BW.js[39m  [2m | [22m[2maudit-log-list[22m           [2m | [22m [36m17.51 kB[39m[2m | [22m
[2m...and 12 more lazy chunks files. Use "--verbose" to show all the files.[22m

Application bundle generation complete. [0.598 seconds] - 2026-07-14T10:24:52.830Z

Page reload sent to client(s).
[33m>[39m Changes detected. Rebuilding...
[32m√[39m Changes detected. Rebuilding...
[1mInitial chunk files[22m[2m | [22m[1mNames[22m                 [2m | [22m [1mRaw size[22m
[32mmain.js[39m            [2m | [22m[2mmain[22m                  [2m | [22m [36m18.53 kB[39m[2m | [22m

[1mLazy chunk files[22m   [2m | [22m[1mNames[22m                 [2m | [22m [1mRaw size[22m
[32mchunk-GRZTOOPY.js[39m  [2m | [22m[2mcable-tv-customer-form[22m[2m | [22m[36m106.58 kB[39m[2m | [22m

Application bundle generation complete. [1.155 seconds] - 2026-07-14T10:25:06.240Z

Page reload sent to client(s).
[33m>[39m Changes detected. Rebuilding...
[32m√[39m Changes detected. Rebuilding...
[1mInitial chunk files[22m[2m | [22m[1mNames[22m                 [2m | [22m [1mRaw size[22m
[32mmain.js[39m            [2m | [22m[2mmain[22m                  [2m | [22m [36m18.53 kB[39m[2m | [22m

[1mLazy chunk files[22m   [2m | [22m[1mNames[22m                 [2m | [22m [1mRaw size[22m
[32mchunk-BJPACIJM.js[39m  [2m | [22m[2mcable-tv-customer-form[22m[2m | [22m[36m106.57 kB[39m[2m | [22m

Application bundle generation complete. [0.621 seconds] - 2026-07-14T10:25:12.939Z

Component update sent to client(s).
[33m>[39m Changes detected. Rebuilding...
[32m√[39m Changes detected. Rebuilding...
[1mInitial chunk files[22m[2m | [22m[1mNames[22m                 [2m | [22m [1mRaw size[22m
[32mmain.js[39m            [2m | [22m[2mmain[22m                  [2m | [22m [36m18.53 kB[39m[2m | [22m

[1mLazy chunk files[22m   [2m | [22m[1mNames[22m                 [2m | [22m [1mRaw size[22m
[32mchunk-NGSBW4DX.js[39m  [2m | [22m[2mcable-tv-customer-form[22m[2m | [22m[36m107.28 kB[39m[2m | [22m

Application bundle generation complete. [1.286 seconds] - 2026-07-14T10:29:25.663Z

Page reload sent to client(s).
[33m>[39m Changes detected. Rebuilding...
[32m√[39m Changes detected. Rebuilding...
[1mInitial chunk files[22m[2m | [22m[1mNames[22m                 [2m | [22m [1mRaw size[22m
[32mmain.js[39m            [2m | [22m[2mmain[22m                  [2m | [22m [36m18.53 kB[39m[2m | [22m

[1mLazy chunk files[22m   [2m | [22m[1mNames[22m                 [2m | [22m [1mRaw size[22m
[32mchunk-IDHIZBNI.js[39m  [2m | [22m[2mcable-tv-customer-form[22m[2m | [22m[36m108.04 kB[39m[2m | [22m

Application bundle generation complete. [0.934 seconds] - 2026-07-14T10:29:39.923Z

Component update sent to client(s).
[33m>[39m Changes detected. Rebuilding...
[32m√[39m Changes detected. Rebuilding...
[1mInitial chunk files[22m[2m | [22m[1mNames[22m                 [2m | [22m [1mRaw size[22m
[32mmain.js[39m            [2m | [22m[2mmain[22m                  [2m | [22m [36m18.53 kB[39m[2m | [22m

[1mLazy chunk files[22m   [2m | [22m[1mNames[22m                 [2m | [22m [1mRaw size[22m
[32mchunk-VYCVUUK2.js[39m  [2m | [22m[2mcable-tv-customer-form[22m[2m | [22m[36m108.10 kB[39m[2m | [22m

Application bundle generation complete. [0.669 seconds] - 2026-07-14T10:31:26.053Z

Component update sent to client(s).
[33m>[39m Changes detected. Rebuilding...
[32m√[39m Changes detected. Rebuilding...
[1mInitial chunk files[22m[2m | [22m[1mNames[22m                 [2m | [22m [1mRaw size[22m
[32mmain.js[39m            [2m | [22m[2mmain[22m                  [2m | [22m [36m18.53 kB[39m[2m | [22m

[1mLazy chunk files[22m   [2m | [22m[1mNames[22m                 [2m | [22m [1mRaw size[22m
[32mchunk-6IDHJDSB.js[39m  [2m | [22m[2mcable-tv-customer-form[22m[2m | [22m[36m108.45 kB[39m[2m | [22m

Application bundle generation complete. [0.671 seconds] - 2026-07-14T10:31:35.490Z

Component update sent to client(s).
[33m>[39m Changes detected. Rebuilding...
[32m√[39m Changes detected. Rebuilding...
[1mInitial chunk files[22m[2m | [22m[1mNames[22m                 [2m | [22m [1mRaw size[22m
[32mmain.js[39m            [2m | [22m[2mmain[22m                  [2m | [22m [36m18.53 kB[39m[2m | [22m

[1mLazy chunk files[22m   [2m | [22m[1mNames[22m                 [2m | [22m [1mRaw size[22m
[32mchunk-NFI5XDI6.js[39m  [2m | [22m[2mcable-tv-customer-form[22m[2m | [22m[36m109.23 kB[39m[2m | [22m

Application bundle generation complete. [1.162 seconds] - 2026-07-14T10:34:45.265Z

Page reload sent to client(s).
[33m>[39m Changes detected. Rebuilding...
[32m√[39m Changes detected. Rebuilding...
[1mInitial chunk files[22m[2m | [22m[1mNames[22m                 [2m | [22m [1mRaw size[22m
[32mmain.js[39m            [2m | [22m[2mmain[22m                  [2m | [22m [36m18.53 kB[39m[2m | [22m

[1mLazy chunk files[22m   [2m | [22m[1mNames[22m                 [2m | [22m [1mRaw size[22m
[32mchunk-IUZGOEFZ.js[39m  [2m | [22m[2mcable-tv-customer-form[22m[2m | [22m[36m110.83 kB[39m[2m | [22m

Application bundle generation complete. [1.026 seconds] - 2026-07-14T10:34:58.513Z

Component update sent to client(s).
[33m>[39m Changes detected. Rebuilding...
[32m√[39m Changes detected. Rebuilding...
[1mInitial chunk files[22m[2m | [22m[1mNames[22m                 [2m | [22m [1mRaw size[22m
[32mmain.js[39m            [2m | [22m[2mmain[22m                  [2m | [22m [36m18.53 kB[39m[2m | [22m

[1mLazy chunk files[22m   [2m | [22m[1mNames[22m                 [2m | [22m [1mRaw size[22m
[32mchunk-RE37ROVX.js[39m  [2m | [22m[2mcable-tv-customer-form[22m[2m | [22m[36m113.08 kB[39m[2m | [22m

Application bundle generation complete. [0.905 seconds] - 2026-07-14T10:35:10.564Z

Component update sent to client(s).
[33m>[39m Changes detected. Rebuilding...
[32m√[39m Changes detected. Rebuilding...
[1mInitial chunk files[22m[2m | [22m[1mNames[22m                 [2m | [22m [1mRaw size[22m
[32mmain.js[39m            [2m | [22m[2mmain[22m                  [2m | [22m [36m18.53 kB[39m[2m | [22m

[1mLazy chunk files[22m   [2m | [22m[1mNames[22m                 [2m | [22m [1mRaw size[22m
[32mchunk-3R6YMPTF.js[39m  [2m | [22m[2mcable-tv-customer-form[22m[2m | [22m[36m113.14 kB[39m[2m | [22m

Application bundle generation complete. [0.645 seconds] - 2026-07-14T10:46:05.173Z

Component update sent to client(s).
[33m>[39m Changes detected. Rebuilding...
[32m√[39m Changes detected. Rebuilding...
[1mInitial chunk files[22m[2m | [22m[1mNames[22m                 [2m | [22m [1mRaw size[22m
[32mmain.js[39m            [2m | [22m[2mmain[22m                  [2m | [22m [36m18.53 kB[39m[2m | [22m

[1mLazy chunk files[22m   [2m | [22m[1mNames[22m                 [2m | [22m [1mRaw size[22m
[32mchunk-3PX5PSTB.js[39m  [2m | [22m[2mcable-tv-customer-form[22m[2m | [22m[36m113.14 kB[39m[2m | [22m

Application bundle generation complete. [1.269 seconds] - 2026-07-14T10:46:18.953Z

Component update sent to client(s).
[33m>[39m Changes detected. Rebuilding...
[32m√[39m Changes detected. Rebuilding...
[1mInitial chunk files[22m[2m | [22m[1mNames[22m                 [2m | [22m [1mRaw size[22m
[32mmain.js[39m            [2m | [22m[2mmain[22m                  [2m | [22m [36m18.53 kB[39m[2m | [22m

[1mLazy chunk files[22m   [2m | [22m[1mNames[22m                 [2m | [22m [1mRaw size[22m
[32mchunk-CCNLDZGI.js[39m  [2m | [22m[2mcable-tv-customer-form[22m[2m | [22m[36m113.45 kB[39m[2m | [22m

Application bundle generation complete. [1.300 seconds] - 2026-07-14T10:46:26.186Z

Component update sent to client(s).
[33m>[39m Changes detected. Rebuilding...
[32m√[39m Changes detected. Rebuilding...
[1mInitial chunk files[22m[2m | [22m[1mNames[22m                 [2m | [22m [1mRaw size[22m
[32mmain.js[39m            [2m | [22m[2mmain[22m                  [2m | [22m [36m18.53 kB[39m[2m | [22m

[1mLazy chunk files[22m   [2m | [22m[1mNames[22m                 [2m | [22m [1mRaw size[22m
[32mchunk-4NM52DBB.js[39m  [2m | [22m[2mcable-tv-customer-form[22m[2m | [22m[36m113.41 kB[39m[2m | [22m

Application bundle generation complete. [1.044 seconds] - 2026-07-14T10:46:34.981Z

Component update sent to client(s).
[33m>[39m Changes detected. Rebuilding...
[32m√[39m Changes detected. Rebuilding...
Application bundle generation failed. [0.987 seconds] - 2026-07-14T10:50:55.239Z

[33m>[39m Changes detected. Rebuilding...
[32m√[39m Changes detected. Rebuilding...
[1mInitial chunk files[22m[2m | [22m[1mNames[22m                    [2m | [22m [1mRaw size[22m
[32mstyles.css[39m         [2m | [22m[2mstyles[22m                   [2m | [22m[36m303.94 kB[39m[2m | [22m
[32mscripts.js[39m         [2m | [22m[2mscripts[22m                  [2m | [22m[36m107.73 kB[39m[2m | [22m
[32mmain.js[39m            [2m | [22m[2mmain[22m                     [2m | [22m [36m18.53 kB[39m[2m | [22m
[32mchunk-AD7E3CDX.js[39m  [2m | [22m[2m-[22m                        [2m | [22m  [36m3.98 kB[39m[2m | [22m
[32mchunk-4RWJN4ZL.js[39m  [2m | [22m[2m-[22m                        [2m | [22m  [36m2.62 kB[39m[2m | [22m
[32mchunk-VGKOSW2G.js[39m  [2m | [22m[2m-[22m                        [2m | [22m  [36m1.10 kB[39m[2m | [22m
[32mchunk-CZJLB7T5.js[39m  [2m | [22m[2m-[22m                        [2m | [22m  [36m1.08 kB[39m[2m | [22m
[32mpolyfills.js[39m       [2m | [22m[2mpolyfills[22m                [2m | [22m [36m95 bytes[39m[2m | [22m

[1m [22m                  [2m | [22m[1mInitial total[22m            [2m | [22m[1m439.07 kB[22m

[1mLazy chunk files[22m   [2m | [22m[1mNames[22m                    [2m | [22m [1mRaw size[22m
[32mchunk-3JLXUGON.js[39m  [2m | [22m[2mcable-tv-customer-history[22m[2m | [22m[36m182.00 kB[39m[2m | [22m
[32mchunk-AEUBSXC2.js[39m  [2m | [22m[2mcable-tv-customer-form[22m   [2m | [22m[36m113.64 kB[39m[2m | [22m
[32mchunk-HBS767MN.js[39m  [2m | [22m[2mquotation-form[22m           [2m | [22m[36m105.86 kB[39m[2m | [22m
[32mchunk-T7CYVEHT.js[39m  [2m | [22m[2mwork-order-material[22m      [2m | [22m [36m71.08 kB[39m[2m | [22m
[32mchunk-ADXHPD5S.js[39m  [2m | [22m[2mlayout[22m                   [2m | [22m [36m67.91 kB[39m[2m | [22m
[32mchunk-QZJQQQNL.js[39m  [2m | [22m[2mwork-order-form[22m          [2m | [22m [36m55.53 kB[39m[2m | [22m
[32mchunk-DODHXBGJ.js[39m  [2m | [22m[2memployee-form[22m            [2m | [22m [36m51.36 kB[39m[2m | [22m
[32mchunk-Y7MDAXLB.js[39m  [2m | [22m[2memployee-salary[22m          [2m | [22m [36m43.98 kB[39m[2m | [22m
[32mchunk-B5H65F5T.js[39m  [2m | [22m[2muser-list[22m                [2m | [22m [36m43.03 kB[39m[2m | [22m
[32mchunk-V53QRBAB.js[39m  [2m | [22m[2mpurchase-form[22m            [2m | [22m [36m40.83 kB[39m[2m | [22m
[32mchunk-N6G6S3SB.js[39m  [2m | [22m[2mcable-tv-masters[22m         [2m | [22m [36m38.65 kB[39m[2m | [22m
[32mchunk-Y2WVLFFO.js[39m  [2m | [22m[2msales[22m                    [2m | [22m [36m37.75 kB[39m[2m | [22m
[32mchunk-CEBBYPL5.js[39m  [2m | [22m[2mcategories-list[22m          [2m | [22m [36m37.41 kB[39m[2m | [22m
[32mchunk-7U756DLS.js[39m  [2m | [22m[2mproduct-list[22m             [2m | [22m [36m36.34 kB[39m[2m | [22m
[32mchunk-UFAOFO63.js[39m  [2m | [22m[2mcustomer-form[22m            [2m | [22m [36m30.27 kB[39m[2m | [22m
[2m...and 47 more lazy chunks files. Use "--verbose" to show all the files.[22m

Application bundle generation complete. [1.014 seconds] - 2026-07-14T10:51:02.780Z

Page reload sent to client(s).
[33m>[39m Changes detected. Rebuilding...
[32m√[39m Changes detected. Rebuilding...
Application bundle generation failed. [2.352 seconds] - 2026-07-14T10:51:11.542Z

[33m>[39m Changes detected. Rebuilding...
[32m√[39m Changes detected. Rebuilding...
[1mInitial chunk files[22m[2m | [22m[1mNames[22m                    [2m | [22m [1mRaw size[22m
[32mstyles.css[39m         [2m | [22m[2mstyles[22m                   [2m | [22m[36m303.94 kB[39m[2m | [22m
[32mscripts.js[39m         [2m | [22m[2mscripts[22m                  [2m | [22m[36m107.73 kB[39m[2m | [22m
[32mmain.js[39m            [2m | [22m[2mmain[22m                     [2m | [22m [36m18.53 kB[39m[2m | [22m
[32mchunk-AD7E3CDX.js[39m  [2m | [22m[2m-[22m                        [2m | [22m  [36m3.98 kB[39m[2m | [22m
[32mchunk-4RWJN4ZL.js[39m  [2m | [22m[2m-[22m                        [2m | [22m  [36m2.62 kB[39m[2m | [22m
[32mchunk-VGKOSW2G.js[39m  [2m | [22m[2m-[22m                        [2m | [22m  [36m1.10 kB[39m[2m | [22m
[32mchunk-CZJLB7T5.js[39m  [2m | [22m[2m-[22m                        [2m | [22m  [36m1.08 kB[39m[2m | [22m
[32mpolyfills.js[39m       [2m | [22m[2mpolyfills[22m                [2m | [22m [36m95 bytes[39m[2m | [22m

[1m [22m                  [2m | [22m[1mInitial total[22m            [2m | [22m[1m439.07 kB[22m

[1mLazy chunk files[22m   [2m | [22m[1mNames[22m                    [2m | [22m [1mRaw size[22m
[32mchunk-5B2TBEAX.js[39m  [2m | [22m[2mcable-tv-customer-history[22m[2m | [22m[36m182.24 kB[39m[2m | [22m
[32mchunk-AEUBSXC2.js[39m  [2m | [22m[2mcable-tv-customer-form[22m   [2m | [22m[36m113.64 kB[39m[2m | [22m
[32mchunk-HBS767MN.js[39m  [2m | [22m[2mquotation-form[22m           [2m | [22m[36m105.86 kB[39m[2m | [22m
[32mchunk-T7CYVEHT.js[39m  [2m | [22m[2mwork-order-material[22m      [2m | [22m [36m71.08 kB[39m[2m | [22m
[32mchunk-ADXHPD5S.js[39m  [2m | [22m[2mlayout[22m                   [2m | [22m [36m67.91 kB[39m[2m | [22m
[32mchunk-QZJQQQNL.js[39m  [2m | [22m[2mwork-order-form[22m          [2m | [22m [36m55.53 kB[39m[2m | [22m
[32mchunk-DODHXBGJ.js[39m  [2m | [22m[2memployee-form[22m            [2m | [22m [36m51.36 kB[39m[2m | [22m
[32mchunk-Y7MDAXLB.js[39m  [2m | [22m[2memployee-salary[22m          [2m | [22m [36m43.98 kB[39m[2m | [22m
[32mchunk-B5H65F5T.js[39m  [2m | [22m[2muser-list[22m                [2m | [22m [36m43.03 kB[39m[2m | [22m
[32mchunk-V53QRBAB.js[39m  [2m | [22m[2mpurchase-form[22m            [2m | [22m [36m40.83 kB[39m[2m | [22m
[32mchunk-N6G6S3SB.js[39m  [2m | [22m[2mcable-tv-masters[22m         [2m | [22m [36m38.65 kB[39m[2m | [22m
[32mchunk-Y2WVLFFO.js[39m  [2m | [22m[2msales[22m                    [2m | [22m [36m37.75 kB[39m[2m | [22m
[32mchunk-CEBBYPL5.js[39m  [2m | [22m[2mcategories-list[22m          [2m | [22m [36m37.41 kB[39m[2m | [22m
[32mchunk-7U756DLS.js[39m  [2m | [22m[2mproduct-list[22m             [2m | [22m [36m36.34 kB[39m[2m | [22m
[32mchunk-UFAOFO63.js[39m  [2m | [22m[2mcustomer-form[22m            [2m | [22m [36m30.27 kB[39m[2m | [22m
[2m...and 47 more lazy chunks files. Use "--verbose" to show all the files.[22m

Application bundle generation complete. [2.450 seconds] - 2026-07-14T10:51:25.181Z

Page reload sent to client(s).
[33m>[39m Changes detected. Rebuilding...
[32m√[39m Changes detected. Rebuilding...
[1mInitial chunk files[22m[2m | [22m[1mNames[22m                 [2m | [22m [1mRaw size[22m
[32mmain.js[39m            [2m | [22m[2mmain[22m                  [2m | [22m [36m18.53 kB[39m[2m | [22m

[1mLazy chunk files[22m   [2m | [22m[1mNames[22m                 [2m | [22m [1mRaw size[22m
[32mchunk-KSSBMOFY.js[39m  [2m | [22m[2mcable-tv-customer-form[22m[2m | [22m[36m113.48 kB[39m[2m | [22m

Application bundle generation complete. [0.641 seconds] - 2026-07-14T11:44:32.205Z

Component update sent to client(s).
[33m>[39m Changes detected. Rebuilding...
[32m√[39m Changes detected. Rebuilding...
[1mInitial chunk files[22m[2m | [22m[1mNames[22m                 [2m | [22m [1mRaw size[22m
[32mmain.js[39m            [2m | [22m[2mmain[22m                  [2m | [22m [36m18.53 kB[39m[2m | [22m

[1mLazy chunk files[22m   [2m | [22m[1mNames[22m                 [2m | [22m [1mRaw size[22m
[32mchunk-Y5RR2HJ5.js[39m  [2m | [22m[2mcable-tv-customer-form[22m[2m | [22m[36m113.51 kB[39m[2m | [22m

Application bundle generation complete. [1.204 seconds] - 2026-07-14T11:44:43.664Z

Page reload sent to client(s).
[33m>[39m Changes detected. Rebuilding...
[32m√[39m Changes detected. Rebuilding...
[1mInitial chunk files[22m[2m | [22m[1mNames[22m                 [2m | [22m [1mRaw size[22m
[32mmain.js[39m            [2m | [22m[2mmain[22m                  [2m | [22m [36m18.53 kB[39m[2m | [22m

[1mLazy chunk files[22m   [2m | [22m[1mNames[22m                 [2m | [22m [1mRaw size[22m
[32mchunk-DES7KEPH.js[39m  [2m | [22m[2mcable-tv-customer-form[22m[2m | [22m[36m113.76 kB[39m[2m | [22m

Application bundle generation complete. [1.082 seconds] - 2026-07-14T11:44:54.721Z

Page reload sent to client(s).
[33m>[39m Changes detected. Rebuilding...
[32m√[39m Changes detected. Rebuilding...
[1mInitial chunk files[22m[2m | [22m[1mNames[22m                    [2m | [22m [1mRaw size[22m
[32mmain.js[39m            [2m | [22m[2mmain[22m                     [2m | [22m [36m18.53 kB[39m[2m | [22m
[32mchunk-DC6TAH7J.js[39m  [2m | [22m[2m-[22m                        [2m | [22m  [36m3.98 kB[39m[2m | [22m

[1mLazy chunk files[22m   [2m | [22m[1mNames[22m                    [2m | [22m [1mRaw size[22m
[32mchunk-B6ZF3Y7J.js[39m  [2m | [22m[2mcable-tv-customer-history[22m[2m | [22m[36m182.24 kB[39m[2m | [22m
[32mchunk-OYPQURQE.js[39m  [2m | [22m[2mcable-tv-customer-form[22m   [2m | [22m[36m113.76 kB[39m[2m | [22m
[32mchunk-7UDSRR5R.js[39m  [2m | [22m[2mlayout[22m                   [2m | [22m [36m67.91 kB[39m[2m | [22m
[32mchunk-NDDXG7FL.js[39m  [2m | [22m[2memployee-salary[22m          [2m | [22m [36m43.98 kB[39m[2m | [22m
[32mchunk-XIATTP4K.js[39m  [2m | [22m[2muser-list[22m                [2m | [22m [36m43.03 kB[39m[2m | [22m
[32mchunk-BRL22U2M.js[39m  [2m | [22m[2msales[22m                    [2m | [22m [36m37.75 kB[39m[2m | [22m
[32mchunk-6CLHXRW7.js[39m  [2m | [22m[2mproduct-list[22m             [2m | [22m [36m36.34 kB[39m[2m | [22m
[32mchunk-NGSI7U63.js[39m  [2m | [22m[2msupplier-payments[22m        [2m | [22m [36m26.61 kB[39m[2m | [22m
[32mchunk-33SC2L4P.js[39m  [2m | [22m[2mbrands-list[22m              [2m | [22m [36m25.87 kB[39m[2m | [22m
[32mchunk-B5X7E2AR.js[39m  [2m | [22m[2mcable-tv-customer-list[22m   [2m | [22m [36m22.78 kB[39m[2m | [22m
[32mchunk-C3WGF3CP.js[39m  [2m | [22m[2mrole-permissions[22m         [2m | [22m [36m21.09 kB[39m[2m | [22m
[32mchunk-W6BZNIFY.js[39m  [2m | [22m[2mservice-tickets[22m          [2m | [22m [36m19.74 kB[39m[2m | [22m
[32mchunk-FBJK7W7L.js[39m  [2m | [22m[2mwarranty-master[22m          [2m | [22m [36m19.48 kB[39m[2m | [22m
[32mchunk-WQLYE7ZX.js[39m  [2m | [22m[2mcustomer-payments[22m        [2m | [22m [36m17.53 kB[39m[2m | [22m
[32mchunk-Z2ZK263S.js[39m  [2m | [22m[2maudit-log-list[22m           [2m | [22m [36m17.51 kB[39m[2m | [22m
[2m...and 12 more lazy chunks files. Use "--verbose" to show all the files.[22m

Application bundle generation complete. [0.527 seconds] - 2026-07-14T11:45:32.911Z

Page reload sent to client(s).
[33m>[39m Changes detected. Rebuilding...
[32m√[39m Changes detected. Rebuilding...
[1mInitial chunk files[22m[2m | [22m[1mNames[22m [2m | [22m[1mRaw size[22m
[32mmain.js[39m            [2m | [22m[2mmain[22m  [2m | [22m[36m18.53 kB[39m[2m | [22m

[1mLazy chunk files[22m   [2m | [22m[1mNames[22m [2m | [22m[1mRaw size[22m
[32mchunk-DNNHNE4G.js[39m  [2m | [22m[2mlayout[22m[2m | [22m[36m67.97 kB[39m[2m | [22m

Application bundle generation complete. [0.619 seconds] - 2026-07-14T11:45:47.164Z

Page reload sent to client(s).
[33m>[39m Changes detected. Rebuilding...
[32m√[39m Changes detected. Rebuilding...
[1mInitial chunk files[22m[2m | [22m[1mNames[22m           [2m | [22m[1mRaw size[22m
[32mmain.js[39m            [2m | [22m[2mmain[22m            [2m | [22m[36m18.53 kB[39m[2m | [22m

[1mLazy chunk files[22m   [2m | [22m[1mNames[22m           [2m | [22m[1mRaw size[22m
[32mchunk-5CQ7FZEB.js[39m  [2m | [22m[2mrole-permissions[22m[2m | [22m[36m21.50 kB[39m[2m | [22m

Application bundle generation complete. [0.489 seconds] - 2026-07-14T11:52:01.865Z

Page reload sent to client(s).
[33m>[39m Changes detected. Rebuilding...
[32m√[39m Changes detected. Rebuilding...
[1mInitial chunk files[22m[2m | [22m[1mNames[22m                   [2m | [22m[1mRaw size[22m
[32mmain.js[39m            [2m | [22m[2mmain[22m                    [2m | [22m[36m18.53 kB[39m[2m | [22m

[1mLazy chunk files[22m   [2m | [22m[1mNames[22m                   [2m | [22m[1mRaw size[22m
[32mchunk-WYJP4RMO.js[39m  [2m | [22m[2mcable-tv-account-pending[22m[2m | [22m[36m13.05 kB[39m[2m | [22m

Application bundle generation complete. [0.436 seconds] - 2026-07-14T11:57:39.325Z

Page reload sent to client(s).
[33m>[39m Changes detected. Rebuilding...
[32m√[39m Changes detected. Rebuilding...
[1mInitial chunk files[22m[2m | [22m[1mNames[22m                   [2m | [22m[1mRaw size[22m
[32mmain.js[39m            [2m | [22m[2mmain[22m                    [2m | [22m[36m18.53 kB[39m[2m | [22m

[1mLazy chunk files[22m   [2m | [22m[1mNames[22m                   [2m | [22m[1mRaw size[22m
[32mchunk-XVS37MAY.js[39m  [2m | [22m[2mcable-tv-account-pending[22m[2m | [22m[36m13.98 kB[39m[2m | [22m

Application bundle generation complete. [0.394 seconds] - 2026-07-14T11:57:48.995Z

Component update sent to client(s).
[33m>[39m Changes detected. Rebuilding...
[32m√[39m Changes detected. Rebuilding...
[1mInitial chunk files[22m[2m | [22m[1mNames[22m        [2m | [22m[1mRaw size[22m
[32mmain.js[39m            [2m | [22m[2mmain[22m         [2m | [22m[36m18.53 kB[39m[2m | [22m

[1mLazy chunk files[22m   [2m | [22m[1mNames[22m        [2m | [22m[1mRaw size[22m
[32mchunk-MJRSYMXG.js[39m  [2m | [22m[2mworkflow-list[22m[2m | [22m[36m10.02 kB[39m[2m | [22m

Application bundle generation complete. [0.665 seconds] - 2026-07-14T12:06:00.159Z

Page reload sent to client(s).
[33m>[39m Changes detected. Rebuilding...
[32m√[39m Changes detected. Rebuilding...
[1mInitial chunk files[22m[2m | [22m[1mNames[22m        [2m | [22m[1mRaw size[22m
[32mmain.js[39m            [2m | [22m[2mmain[22m         [2m | [22m[36m18.53 kB[39m[2m | [22m

[1mLazy chunk files[22m   [2m | [22m[1mNames[22m        [2m | [22m[1mRaw size[22m
[32mchunk-MN4NHQRY.js[39m  [2m | [22m[2mworkflow-list[22m[2m | [22m[36m10.02 kB[39m[2m | [22m

Application bundle generation complete. [0.607 seconds] - 2026-07-14T12:06:13.632Z

Page reload sent to client(s).
